---
title: Fujitsu_Lifebook_T730_dmesg
tags: []
createdAt: 2010-07-27T21:30-04:00
updatedAt: 2010-07-27T21:30-04:00
---

<code>
[    0.000000] Initializing cgroup subsys cpuset
[    0.000000] Initializing cgroup subsys cpu
[    0.000000] Linux version 2.6.32-24-generic-pae (buildd@vernadsky) (gcc version 4.4.3 (Ubuntu 4.4.3-4ubuntu5) ) #38-Ubuntu SMP Mon Jul 5 10:54:21 UTC 2010 (Ubuntu 2.6.32-24.38-generic-pae 2.6.32.15+drm33.5)
[    0.000000] KERNEL supported cpus:
[    0.000000]   Intel GenuineIntel
[    0.000000]   AMD AuthenticAMD
[    0.000000]   NSC Geode by NSC
[    0.000000]   Cyrix CyrixInstead
[    0.000000]   Centaur CentaurHauls
[    0.000000]   Transmeta GenuineTMx86
[    0.000000]   Transmeta TransmetaCPU
[    0.000000]   UMC UMC UMC UMC
[    0.000000] BIOS-provided physical RAM map:
[    0.000000]  BIOS-e820: 0000000000000000 - 000000000009bc00 (usable)
[    0.000000]  BIOS-e820: 000000000009bc00 - 00000000000a0000 (reserved)
[    0.000000]  BIOS-e820: 00000000000dc000 - 0000000000100000 (reserved)
[    0.000000]  BIOS-e820: 0000000000100000 - 00000000ba95d000 (usable)
[    0.000000]  BIOS-e820: 00000000ba95d000 - 00000000bac40000 (reserved)
[    0.000000]  BIOS-e820: 00000000bac40000 - 00000000bb27c000 (usable)
[    0.000000]  BIOS-e820: 00000000bb27c000 - 00000000bb282000 (reserved)
[    0.000000]  BIOS-e820: 00000000bb282000 - 00000000bb3e0000 (usable)
[    0.000000]  BIOS-e820: 00000000bb3e0000 - 00000000bb40f000 (reserved)
[    0.000000]  BIOS-e820: 00000000bb40f000 - 00000000bb651000 (usable)
[    0.000000]  BIOS-e820: 00000000bb651000 - 00000000bb652000 (reserved)
[    0.000000]  BIOS-e820: 00000000bb652000 - 00000000bb6d3000 (ACPI NVS)
[    0.000000]  BIOS-e820: 00000000bb6d3000 - 00000000bb70f000 (reserved)
[    0.000000]  BIOS-e820: 00000000bb70f000 - 00000000bb717000 (usable)
[    0.000000]  BIOS-e820: 00000000bb717000 - 00000000bb71f000 (reserved)
[    0.000000]  BIOS-e820: 00000000bb71f000 - 00000000bb76f000 (usable)
[    0.000000]  BIOS-e820: 00000000bb76f000 - 00000000bb79f000 (ACPI NVS)
[    0.000000]  BIOS-e820: 00000000bb79f000 - 00000000bb7e0000 (usable)
[    0.000000]  BIOS-e820: 00000000bb7e0000 - 00000000bb7ff000 (ACPI data)
[    0.000000]  BIOS-e820: 00000000bb7ff000 - 00000000bb800000 (usable)
[    0.000000]  BIOS-e820: 00000000bb800000 - 00000000c0000000 (reserved)
[    0.000000]  BIOS-e820: 00000000e0000000 - 00000000f0000000 (reserved)
[    0.000000]  BIOS-e820: 00000000f2826000 - 00000000f2827000 (reserved)
[    0.000000]  BIOS-e820: 00000000feaff000 - 00000000feb00000 (reserved)
[    0.000000]  BIOS-e820: 00000000fec00000 - 00000000fec10000 (reserved)
[    0.000000]  BIOS-e820: 00000000fed00000 - 00000000fed00400 (reserved)
[    0.000000]  BIOS-e820: 00000000fed1c000 - 00000000fed90000 (reserved)
[    0.000000]  BIOS-e820: 00000000fee00000 - 00000000fee01000 (reserved)
[    0.000000]  BIOS-e820: 00000000ff000000 - 0000000100000000 (reserved)
[    0.000000]  BIOS-e820: 0000000100000000 - 0000000138000000 (usable)
[    0.000000] DMI 2.6 present.
[    0.000000] Phoenix BIOS detected: BIOS may corrupt low RAM, working around it.
[    0.000000] e820 update range: 0000000000000000 - 0000000000010000 (usable) ==> (reserved)
[    0.000000] last_pfn = 0x138000 max_arch_pfn = 0x1000000
[    0.000000] MTRR default type: uncachable
[    0.000000] MTRR fixed ranges enabled:
[    0.000000]   00000-9FFFF write-back
[    0.000000]   A0000-BFFFF uncachable
[    0.000000]   C0000-D3FFF write-through
[    0.000000]   D4000-DBFFF uncachable
[    0.000000]   DC000-FFFFF write-through
[    0.000000] MTRR variable ranges enabled:
[    0.000000]   0 disabled
[    0.000000]   1 base 0FFE00000 mask FFFE00000 write-protect
[    0.000000]   2 base 000000000 mask F80000000 write-back
[    0.000000]   3 base 080000000 mask FC0000000 write-back
[    0.000000]   4 base 100000000 mask FC0000000 write-back
[    0.000000]   5 base 138000000 mask FF8000000 uncachable
[    0.000000]   6 base 0BC000000 mask FFC000000 uncachable
[    0.000000]   7 disabled
[    0.000000] x86 PAT enabled: cpu 0, old 0x7040600070406, new 0x7010600070106
[    0.000000] Scanning 0 areas for low memory corruption
[    0.000000] modified physical RAM map:
[    0.000000]  modified: 0000000000000000 - 0000000000010000 (reserved)
[    0.000000]  modified: 0000000000010000 - 000000000009bc00 (usable)
[    0.000000]  modified: 000000000009bc00 - 00000000000a0000 (reserved)
[    0.000000]  modified: 00000000000dc000 - 0000000000100000 (reserved)
[    0.000000]  modified: 0000000000100000 - 00000000ba95d000 (usable)
[    0.000000]  modified: 00000000ba95d000 - 00000000bac40000 (reserved)
[    0.000000]  modified: 00000000bac40000 - 00000000bb27c000 (usable)
[    0.000000]  modified: 00000000bb27c000 - 00000000bb282000 (reserved)
[    0.000000]  modified: 00000000bb282000 - 00000000bb3e0000 (usable)
[    0.000000]  modified: 00000000bb3e0000 - 00000000bb40f000 (reserved)
[    0.000000]  modified: 00000000bb40f000 - 00000000bb651000 (usable)
[    0.000000]  modified: 00000000bb651000 - 00000000bb652000 (reserved)
[    0.000000]  modified: 00000000bb652000 - 00000000bb6d3000 (ACPI NVS)
[    0.000000]  modified: 00000000bb6d3000 - 00000000bb70f000 (reserved)
[    0.000000]  modified: 00000000bb70f000 - 00000000bb717000 (usable)
[    0.000000]  modified: 00000000bb717000 - 00000000bb71f000 (reserved)
[    0.000000]  modified: 00000000bb71f000 - 00000000bb76f000 (usable)
[    0.000000]  modified: 00000000bb76f000 - 00000000bb79f000 (ACPI NVS)
[    0.000000]  modified: 00000000bb79f000 - 00000000bb7e0000 (usable)
[    0.000000]  modified: 00000000bb7e0000 - 00000000bb7ff000 (ACPI data)
[    0.000000]  modified: 00000000bb7ff000 - 00000000bb800000 (usable)
[    0.000000]  modified: 00000000bb800000 - 00000000c0000000 (reserved)
[    0.000000]  modified: 00000000e0000000 - 00000000f0000000 (reserved)
[    0.000000]  modified: 00000000f2826000 - 00000000f2827000 (reserved)
[    0.000000]  modified: 00000000feaff000 - 00000000feb00000 (reserved)
[    0.000000]  modified: 00000000fec00000 - 00000000fec10000 (reserved)
[    0.000000]  modified: 00000000fed00000 - 00000000fed00400 (reserved)
[    0.000000]  modified: 00000000fed1c000 - 00000000fed90000 (reserved)
[    0.000000]  modified: 00000000fee00000 - 00000000fee01000 (reserved)
[    0.000000]  modified: 00000000ff000000 - 0000000100000000 (reserved)
[    0.000000]  modified: 0000000100000000 - 0000000138000000 (usable)
[    0.000000] initial memory mapped : 0 - 00e00000
[    0.000000] init_memory_mapping: 0000000000000000-00000000379fe000
[    0.000000] NX (Execute Disable) protection: active
[    0.000000]  0000000000 - 0000200000 page 4k
[    0.000000]  0000200000 - 0037800000 page 2M
[    0.000000]  0037800000 - 00379fe000 page 4k
[    0.000000] kernel direct mapping tables up to 379fe000 @ 10000-16000
[    0.000000] RAMDISK: 37862000 - 37feffbb
[    0.000000] Allocated new RAMDISK: 0093f000 - 010ccfbb
[    0.000000] Move RAMDISK from 0000000037862000 - 0000000037feffba to 0093f000 - 010ccfba
[    0.000000] ACPI: RSDP 000f5a80 00024 (v02 FUJ   )
[    0.000000] ACPI: XSDT bb7f3727 00084 (v01 FUJ    PC       01060000 FUJ  00000100)
[    0.000000] ACPI: FACP bb7e2000 000F4 (v03 FUJ    PC       01060000 FUJ  00000100)
[    0.000000] ACPI: DSDT bb7e3000 0ABB2 (v02 FUJ    FJNB219  01060000 FUJ  00000100)
[    0.000000] ACPI: FACS bb78bfc0 00040
[    0.000000] ACPI: SSDT bb7fe395 0008B (v01 FUJ    FJNB219  01060000 FUJ  00000100)
[    0.000000] ACPI: HPET bb7fe514 00038 (v01 FUJ    FJNB219  01060000 FUJ  00000100)
[    0.000000] ACPI: MCFG bb7fe54c 0003C (v01 FUJ    FJNB219  01060000 FUJ  00000100)
[    0.000000] ACPI: SSDT bb7fe588 0042F (v01 FUJ    FJNB219  01060000 FUJ  00000100)
[    0.000000] ACPI: SSDT bb7fe9b7 002C3 (v01 FUJ    FJNB219  01060000 FUJ  00000100)
[    0.000000] ACPI: APIC bb7fec7a 00084 (v01 FUJ    FJNB219  01060000 FUJ  00000100)
[    0.000000] ACPI: SPCR bb7fecfe 00050 (v01 FUJ    FJNB219  01060000 FUJ  00000100)
[    0.000000] ACPI: SLIC bb7fed4e 00176 (v01 FUJ    PC       01060000 FUJ  00000100)
[    0.000000] ACPI: BOOT bb7feec4 00028 (v01 FUJ    FJNB219  01060000 FUJ  00000100)
[    0.000000] ACPI: ASF! bb7ee000 000A0 (v16 FUJ    FJNB219  01060000 FUJ  00000100)
[    0.000000] ACPI: SSDT bb7e1000 00A50 (v01  PmRef    CpuPm 00003000 INTL 20060912)
[    0.000000] ACPI: Local APIC address 0xfee00000
[    0.000000] 4102MB HIGHMEM available.
[    0.000000] 889MB LOWMEM available.
[    0.000000]   mapped low ram: 0 - 379fe000
[    0.000000]   low ram: 0 - 379fe000
[    0.000000]   node 0 low ram: 00000000 - 379fe000
[    0.000000]   node 0 bootmap 00012000 - 00018f40
[    0.000000] (9 early reservations) ==> bootmem [0000000000 - 00379fe000]
[    0.000000]   #0 [0000000000 - 0000001000]   BIOS data page ==> [0000000000 - 0000001000]
[    0.000000]   #1 [0000001000 - 0000002000]    EX TRAMPOLINE ==> [0000001000 - 0000002000]
[    0.000000]   #2 [0000006000 - 0000007000]       TRAMPOLINE ==> [0000006000 - 0000007000]
[    0.000000]   #3 [0000100000 - 00009367f8]    TEXT DATA BSS ==> [0000100000 - 00009367f8]
[    0.000000]   #4 [000009bc00 - 0000100000]    BIOS reserved ==> [000009bc00 - 0000100000]
[    0.000000]   #5 [0000937000 - 000093e140]              BRK ==> [0000937000 - 000093e140]
[    0.000000]   #6 [0000010000 - 0000012000]          PGTABLE ==> [0000010000 - 0000012000]
[    0.000000]   #7 [000093f000 - 00010ccfbb]      NEW RAMDISK ==> [000093f000 - 00010ccfbb]
[    0.000000]   #8 [0000012000 - 0000019000]          BOOTMAP ==> [0000012000 - 0000019000]
[    0.000000] Zone PFN ranges:
[    0.000000]   DMA      0x00000010 -> 0x00001000
[    0.000000]   Normal   0x00001000 -> 0x000379fe
[    0.000000]   HighMem  0x000379fe -> 0x00138000
[    0.000000] Movable zone start PFN for each node
[    0.000000] early_node_map[10] active PFN ranges
[    0.000000]     0: 0x00000010 -> 0x0000009b
[    0.000000]     0: 0x00000100 -> 0x000ba95d
[    0.000000]     0: 0x000bac40 -> 0x000bb27c
[    0.000000]     0: 0x000bb282 -> 0x000bb3e0
[    0.000000]     0: 0x000bb40f -> 0x000bb651
[    0.000000]     0: 0x000bb70f -> 0x000bb717
[    0.000000]     0: 0x000bb71f -> 0x000bb76f
[    0.000000]     0: 0x000bb79f -> 0x000bb7e0
[    0.000000]     0: 0x000bb7ff -> 0x000bb800
[    0.000000]     0: 0x00100000 -> 0x00138000
[    0.000000] On node 0 totalpages: 996190
[    0.000000] free_area_init_node: node 0, pgdat c07d8d80, node_mem_map c10ce200
[    0.000000]   DMA zone: 32 pages used for memmap
[    0.000000]   DMA zone: 0 pages reserved
[    0.000000]   DMA zone: 3947 pages, LIFO batch:0
[    0.000000]   Normal zone: 1748 pages used for memmap
[    0.000000]   Normal zone: 221994 pages, LIFO batch:31
[    0.000000]   HighMem zone: 8205 pages used for memmap
[    0.000000]   HighMem zone: 760264 pages, LIFO batch:31
[    0.000000] Using APIC driver default
[    0.000000] ACPI: PM-Timer IO Port: 0x408
[    0.000000] ACPI: Local APIC address 0xfee00000
[    0.000000] ACPI: LAPIC (acpi_id[0x00] lapic_id[0x00] enabled)
[    0.000000] ACPI: LAPIC (acpi_id[0x01] lapic_id[0x04] enabled)
[    0.000000] ACPI: LAPIC (acpi_id[0x02] lapic_id[0x01] enabled)
[    0.000000] ACPI: LAPIC (acpi_id[0x03] lapic_id[0x05] enabled)
[    0.000000] ACPI: LAPIC_NMI (acpi_id[0x00] high edge lint[0x1])
[    0.000000] ACPI: LAPIC_NMI (acpi_id[0x01] high edge lint[0x1])
[    0.000000] ACPI: LAPIC_NMI (acpi_id[0x02] high edge lint[0x1])
[    0.000000] ACPI: LAPIC_NMI (acpi_id[0x03] high edge lint[0x1])
[    0.000000] ACPI: IOAPIC (id[0x02] address[0xfec00000] gsi_base[0])
[    0.000000] IOAPIC[0]: apic_id 2, version 32, address 0xfec00000, GSI 0-23
[    0.000000] ACPI: INT_SRC_OVR (bus 0 bus_irq 0 global_irq 2 high edge)
[    0.000000] ACPI: INT_SRC_OVR (bus 0 bus_irq 9 global_irq 9 high level)
[    0.000000] ACPI: IRQ0 used by override.
[    0.000000] ACPI: IRQ2 used by override.
[    0.000000] ACPI: IRQ9 used by override.
[    0.000000] Using ACPI (MADT) for SMP configuration information
[    0.000000] ACPI: HPET id: 0x8086a701 base: 0xfed00000
[    0.000000] SMP: Allowing 4 CPUs, 0 hotplug CPUs
[    0.000000] nr_irqs_gsi: 24
[    0.000000] PM: Registered nosave memory: 000000000009b000 - 000000000009c000
[    0.000000] PM: Registered nosave memory: 000000000009c000 - 00000000000a0000
[    0.000000] PM: Registered nosave memory: 00000000000a0000 - 00000000000dc000
[    0.000000] PM: Registered nosave memory: 00000000000dc000 - 0000000000100000
[    0.000000] Allocating PCI resources starting at c0000000 (gap: c0000000:20000000)
[    0.000000] Booting paravirtualized kernel on bare hardware
[    0.000000] NR_CPUS:8 nr_cpumask_bits:8 nr_cpu_ids:4 nr_node_ids:1
[    0.000000] PERCPU: Embedded 15 pages/cpu @c3800000 s39480 r0 d21960 u524288
[    0.000000] pcpu-alloc: s39480 r0 d21960 u524288 alloc=1*2097152
[    0.000000] pcpu-alloc: [0] 0 1 2 3 
[    0.000000] Built 1 zonelists in Zone order, mobility grouping on.  Total pages: 986205
[    0.000000] Kernel command line: BOOT_IMAGE=/boot/vmlinuz-2.6.32-24-generic-pae root=UUID=a9086b75-fcc5-4020-93c8-1403b7a56413 ro quiet splash
[    0.000000] PID hash table entries: 4096 (order: 2, 16384 bytes)
[    0.000000] Dentry cache hash table entries: 131072 (order: 7, 524288 bytes)
[    0.000000] Inode-cache hash table entries: 65536 (order: 6, 262144 bytes)
[    0.000000] Enabling fast FPU save and restore... done.
[    0.000000] Enabling unmasked SIMD FPU exception support... done.
[    0.000000] Initializing CPU#0
[    0.000000] allocated 25558720 bytes of page_cgroup
[    0.000000] please try 'cgroup_disable=memory' option if you don't want memory cgroups
[    0.000000] Initializing HighMem for node 0 (000379fe:00138000)
[    0.000000] Memory: 3901396k/5111808k available (4832k kernel code, 82208k reserved, 2221k data, 676k init, 3073876k highmem)
[    0.000000] virtual kernel memory layout:
[    0.000000]     fixmap  : 0xfff1d000 - 0xfffff000   ( 904 kB)
[    0.000000]     pkmap   : 0xffa00000 - 0xffc00000   (2048 kB)
[    0.000000]     vmalloc : 0xf81fe000 - 0xff9fe000   ( 120 MB)
[    0.000000]     lowmem  : 0xc0000000 - 0xf79fe000   ( 889 MB)
[    0.000000]       .init : 0xc07e4000 - 0xc088d000   ( 676 kB)
[    0.000000]       .data : 0xc05b81fb - 0xc07e3828   (2221 kB)
[    0.000000]       .text : 0xc0100000 - 0xc05b81fb   (4832 kB)
[    0.000000] Checking if this processor honours the WP bit even in supervisor mode...Ok.
[    0.000000] SLUB: Genslabs=13, HWalign=64, Order=0-3, MinObjects=0, CPUs=4, Nodes=1
[    0.000000] Hierarchical RCU implementation.
[    0.000000] NR_IRQS:2304 nr_irqs:440
[    0.000000] Extended CMOS year: 2000
[    0.000000] Console: colour VGA+ 80x25
[    0.000000] console [tty0] enabled
[    0.000000] hpet clockevent registered
[    0.000000]   alloc irq_desc for 24 on node 0
[    0.000000]   alloc kstat_irqs on node 0
[    0.000000]   alloc irq_desc for 25 on node 0
[    0.000000]   alloc kstat_irqs on node 0
[    0.000000]   alloc irq_desc for 26 on node 0
[    0.000000]   alloc kstat_irqs on node 0
[    0.000000]   alloc irq_desc for 27 on node 0
[    0.000000]   alloc kstat_irqs on node 0
[    0.000000] HPET: 8 timers in total, 4 timers will be used for per-cpu timer
[    0.000000] Fast TSC calibration using PIT
[    0.004000] Detected 2393.965 MHz processor.
[    0.000004] Calibrating delay loop (skipped), value calculated using timer frequency.. 4787.93 BogoMIPS (lpj=9575860)
[    0.000014] Security Framework initialized
[    0.000027] AppArmor: AppArmor initialized
[    0.000032] Mount-cache hash table entries: 512
[    0.000124] Initializing cgroup subsys ns
[    0.000127] Initializing cgroup subsys cpuacct
[    0.000130] Initializing cgroup subsys memory
[    0.000134] Initializing cgroup subsys devices
[    0.000136] Initializing cgroup subsys freezer
[    0.000137] Initializing cgroup subsys net_cls
[    0.000152] CPU: Physical Processor ID: 0
[    0.000153] CPU: Processor Core ID: 0
[    0.000156] CPU: L1 I cache: 32K, L1 D cache: 32K
[    0.000157] CPU: L2 cache: 256K
[    0.000158] CPU: L3 cache: 3072K
[    0.000162] mce: CPU supports 9 MCE banks
[    0.000170] CPU0: Thermal monitoring handled by SMI
[    0.000173] CPU 0 MCA banks CMCI:2 CMCI:3 CMCI:5 CMCI:6
[    0.000180] using mwait in idle threads.
[    0.000183] Performance Events: Westmere events, Intel PMU driver.
[    0.000188] ... version:                3
[    0.000189] ... bit width:              48
[    0.000190] ... generic registers:      4
[    0.000191] ... value mask:             0000ffffffffffff
[    0.000192] ... max period:             000000007fffffff
[    0.000193] ... fixed-purpose events:   3
[    0.000194] ... event mask:             000000070000000f
[    0.000197] Checking 'hlt' instruction... OK.
[    0.018312] ACPI: Core revision 20090903
[    0.044600] ftrace: converting mcount calls to 0f 1f 44 00 00
[    0.044603] ftrace: allocating 22411 entries in 44 pages
[    0.050816] Enabling APIC mode:  Flat.  Using 1 I/O APICs
[    0.051218] ..TIMER: vector=0x30 apic1=0 pin1=2 apic2=-1 pin2=-1
[    0.090833] CPU0: Intel(R) Core(TM) i5 CPU       M 450  @ 2.40GHz stepping 05
[    0.195816] Booting processor 1 APIC 0x4 ip 0x6000
[    0.206025] Initializing CPU#1
[    0.283574] CPU: Physical Processor ID: 0
[    0.283575] CPU: Processor Core ID: 2
[    0.283578] CPU: L1 I cache: 32K, L1 D cache: 32K
[    0.283579] CPU: L2 cache: 256K
[    0.283580] CPU: L3 cache: 3072K
[    0.283590] CPU1: Thermal monitoring handled by SMI
[    0.283593] CPU 1 MCA banks CMCI:2 CMCI:3 CMCI:5 SHD:6
[    0.283607] CPU1: Intel(R) Core(TM) i5 CPU       M 450  @ 2.40GHz stepping 05
[    0.283616] checking TSC synchronization [CPU#0 -> CPU#1]: passed.
[    0.303679] Booting processor 2 APIC 0x1 ip 0x6000
[    0.313815] Initializing CPU#2
[    0.391386] CPU: Physical Processor ID: 0
[    0.391387] CPU: Processor Core ID: 0
[    0.391390] CPU: L1 I cache: 32K, L1 D cache: 32K
[    0.391392] CPU: L2 cache: 256K
[    0.391393] CPU: L3 cache: 3072K
[    0.391404] CPU2: Thermal monitoring handled by SMI
[    0.391408] CPU 2 MCA banks SHD:2 SHD:3 SHD:5 SHD:6
[    0.391465] CPU2: Intel(R) Core(TM) i5 CPU       M 450  @ 2.40GHz stepping 05
[    0.391479] checking TSC synchronization [CPU#0 -> CPU#2]: passed.
[    0.411538] Booting processor 3 APIC 0x5 ip 0x6000
[    0.421673] Initializing CPU#3
[    0.499196] CPU: Physical Processor ID: 0
[    0.499197] CPU: Processor Core ID: 2
[    0.499200] CPU: L1 I cache: 32K, L1 D cache: 32K
[    0.499201] CPU: L2 cache: 256K
[    0.499202] CPU: L3 cache: 3072K
[    0.499212] CPU3: Thermal monitoring handled by SMI
[    0.499215] CPU 3 MCA banks SHD:2 SHD:3 SHD:5 SHD:6
[    0.499231] CPU3: Intel(R) Core(TM) i5 CPU       M 450  @ 2.40GHz stepping 05
[    0.499244] checking TSC synchronization [CPU#0 -> CPU#3]: passed.
[    0.519235] Brought up 4 CPUs
[    0.519236] Total of 4 processors activated (19151.60 BogoMIPS).
[    0.520834] CPU0 attaching sched-domain:
[    0.520839]  domain 0: span 0,2 level SIBLING
[    0.520841]   groups: 0 (cpu_power = 589) 2 (cpu_power = 589)
[    0.520844]   domain 1: span 0-3 level MC
[    0.520846]    groups: 0,2 (cpu_power = 1178) 1,3 (cpu_power = 1178)
[    0.520853] CPU1 attaching sched-domain:
[    0.520854]  domain 0: span 1,3 level SIBLING
[    0.520855]   groups: 1 (cpu_power = 589) 3 (cpu_power = 589)
[    0.520859]   domain 1: span 0-3 level MC
[    0.520860]    groups: 1,3 (cpu_power = 1178) 0,2 (cpu_power = 1178)
[    0.520864] CPU2 attaching sched-domain:
[    0.520866]  domain 0: span 0,2 level SIBLING
[    0.520867]   groups: 2 (cpu_power = 589) 0 (cpu_power = 589)
[    0.520870]   domain 1: span 0-3 level MC
[    0.520872]    groups: 0,2 (cpu_power = 1178) 1,3 (cpu_power = 1178)
[    0.520876] CPU3 attaching sched-domain:
[    0.520877]  domain 0: span 1,3 level SIBLING
[    0.520878]   groups: 3 (cpu_power = 589) 1 (cpu_power = 589)
[    0.520882]   domain 1: span 0-3 level MC
[    0.520883]    groups: 1,3 (cpu_power = 1178) 0,2 (cpu_power = 1178)
[    0.521112] devtmpfs: initialized
[    0.521395] regulator: core version 0.5
[    0.521421] Time: 16:43:31  Date: 07/27/10
[    0.521451] NET: Registered protocol family 16
[    0.521528] Trying to unpack rootfs image as initramfs...
[    0.521539] EISA bus registered
[    0.521546] ACPI: bus type pci registered
[    0.521601] PCI: MCFG configuration 0: base e0000000 segment 0 buses 0 - 255
[    0.521603] PCI: MCFG area at e0000000 reserved in E820
[    0.521605] PCI: Using MMCONFIG for extended config space
[    0.521606] PCI: Using configuration type 1 for base access
[    0.522236] bio: create slab <bio-0> at 0
[    0.523186] ACPI: EC: Look up EC in DSDT
[    0.528934] ACPI: BIOS _OSI(Linux) query ignored
[    0.529540] ACPI: SSDT bb78b5a1 005AA (v02 FUJ    FJNB219  01060000 FUJ  00000100)
[    0.531599] ACPI: BIOS _OSI(Linux) query ignored
[    0.533660] ACPI: Interpreter enabled
[    0.533666] ACPI: (supports S0 S3 S4 S5)
[    0.533688] ACPI: Using IOAPIC for interrupt routing
[    0.539485] ACPI: EC: GPE = 0x17, I/O: command/status = 0x66, data = 0x62
[    0.540037] ACPI: ACPI Dock Station Driver: 1 docks/bays found
[    0.540780] ACPI: PCI Root Bridge [PCI0] (0000:00)
[    0.540846] pci 0000:00:02.0: reg 10 64bit mmio: [0xf2000000-0xf23fffff]
[    0.540852] pci 0000:00:02.0: reg 18 64bit mmio pref: [0xd0000000-0xdfffffff]
[    0.540855] pci 0000:00:02.0: reg 20 io port: [0x1800-0x1807]
[    0.540940] pci 0000:00:16.0: reg 10 64bit mmio: [0xf2827800-0xf282780f]
[    0.540997] pci 0000:00:16.0: PME# supported from D0 D3hot D3cold
[    0.541002] pci 0000:00:16.0: PME# disabled
[    0.541069] pci 0000:00:19.0: reg 10 32bit mmio: [0xf2800000-0xf281ffff]
[    0.541077] pci 0000:00:19.0: reg 14 32bit mmio: [0xf2825000-0xf2825fff]
[    0.541084] pci 0000:00:19.0: reg 18 io port: [0x1840-0x185f]
[    0.541134] pci 0000:00:19.0: PME# supported from D0 D3hot D3cold
[    0.541139] pci 0000:00:19.0: PME# disabled
[    0.541196] pci 0000:00:1a.0: reg 10 32bit mmio: [0xf2828000-0xf28283ff]
[    0.541261] pci 0000:00:1a.0: PME# supported from D0 D3hot D3cold
[    0.541265] pci 0000:00:1a.0: PME# disabled
[    0.541318] pci 0000:00:1b.0: reg 10 64bit mmio: [0xf2820000-0xf2823fff]
[    0.541375] pci 0000:00:1b.0: PME# supported from D0 D3hot D3cold
[    0.541379] pci 0000:00:1b.0: PME# disabled
[    0.541465] pci 0000:00:1c.0: PME# supported from D0 D3hot D3cold
[    0.541469] pci 0000:00:1c.0: PME# disabled
[    0.541555] pci 0000:00:1c.1: PME# supported from D0 D3hot D3cold
[    0.541559] pci 0000:00:1c.1: PME# disabled
[    0.541630] pci 0000:00:1d.0: reg 10 32bit mmio: [0xf2828400-0xf28287ff]
[    0.541693] pci 0000:00:1d.0: PME# supported from D0 D3hot D3cold
[    0.541698] pci 0000:00:1d.0: PME# disabled
[    0.541917] pci 0000:00:1f.2: reg 10 io port: [0x1888-0x188f]
[    0.541924] pci 0000:00:1f.2: reg 14 io port: [0x183c-0x183f]
[    0.541931] pci 0000:00:1f.2: reg 18 io port: [0x1880-0x1887]
[    0.541938] pci 0000:00:1f.2: reg 1c io port: [0x1838-0x183b]
[    0.541946] pci 0000:00:1f.2: reg 20 io port: [0x1860-0x187f]
[    0.541952] pci 0000:00:1f.2: reg 24 32bit mmio: [0xf2827000-0xf28277ff]
[    0.541996] pci 0000:00:1f.2: PME# supported from D3hot
[    0.542000] pci 0000:00:1f.2: PME# disabled
[    0.542037] pci 0000:00:1f.3: reg 10 64bit mmio: [0xf2828800-0xf28288ff]
[    0.542055] pci 0000:00:1f.3: reg 20 io port: [0x18a0-0x18bf]
[    0.542124] pci 0000:00:1f.6: reg 10 64bit mmio: [0xf2826000-0xf2826fff]
[    0.542236] pci 0000:00:1c.0: bridge io port: [0x2000-0x2fff]
[    0.542240] pci 0000:00:1c.0: bridge 32bit mmio: [0xf0000000-0xf1ffffff]
[    0.542331] pci 0000:10:00.0: reg 10 64bit mmio: [0xf2400000-0xf2401fff]
[    0.542440] pci 0000:10:00.0: PME# supported from D0 D3hot D3cold
[    0.542447] pci 0000:10:00.0: PME# disabled
[    0.542526] pci 0000:00:1c.1: bridge 32bit mmio: [0xf2400000-0xf24fffff]
[    0.542575] pci 0000:48:03.0: reg 10 32bit mmio: [0x000000-0x000fff]
[    0.542597] pci 0000:48:03.0: supports D1 D2
[    0.542598] pci 0000:48:03.0: PME# supported from D0 D1 D2 D3hot D3cold
[    0.542603] pci 0000:48:03.0: PME# disabled
[    0.542642] pci 0000:48:03.2: reg 10 32bit mmio: [0xf2500000-0xf25000ff]
[    0.542695] pci 0000:48:03.2: supports D1 D2
[    0.542696] pci 0000:48:03.2: PME# supported from D0 D1 D2 D3hot D3cold
[    0.542700] pci 0000:48:03.2: PME# disabled
[    0.542737] pci 0000:48:03.3: reg 10 32bit mmio: [0xf2501000-0xf2501fff]
[    0.542791] pci 0000:48:03.3: supports D1 D2
[    0.542792] pci 0000:48:03.3: PME# supported from D0 D1 D2 D3hot D3cold
[    0.542797] pci 0000:48:03.3: PME# disabled
[    0.542834] pci 0000:48:03.4: reg 10 32bit mmio: [0xf2502000-0xf2502fff]
[    0.542841] pci 0000:48:03.4: reg 14 32bit mmio: [0xf2500800-0xf2500fff]
[    0.542888] pci 0000:48:03.4: supports D1 D2
[    0.542890] pci 0000:48:03.4: PME# supported from D0 D1 D2 D3hot D3cold
[    0.542894] pci 0000:48:03.4: PME# disabled
[    0.542943] pci 0000:00:1e.0: transparent bridge
[    0.542950] pci 0000:00:1e.0: bridge 32bit mmio: [0xf2500000-0xf25fffff]
[    0.542992] pci_bus 0000:00: on NUMA node 0
[    0.542998] ACPI: PCI Interrupt Routing Table [\_SB_.PCI0._PRT]
[    0.543276] ACPI: PCI Interrupt Routing Table [\_SB_.PCI0.P0P1._PRT]
[    0.543352] ACPI: PCI Interrupt Routing Table [\_SB_.PCI0.PCE0._PRT]
[    0.543414] ACPI: PCI Interrupt Routing Table [\_SB_.PCI0.PCE1._PRT]
[    0.547388] ACPI: PCI Root Bridge [CPBG] (0000:ff)
[    0.547505] pci_bus 0000:ff: on NUMA node 0
[    0.547733] ACPI: PCI Interrupt Link [LNKA] (IRQs 1 3 4 5 6 7 *10 12 14 15)
[    0.547845] ACPI: PCI Interrupt Link [LNKB] (IRQs 1 3 4 5 6 7 11 12 14 15) *10
[    0.547955] ACPI: PCI Interrupt Link [LNKC] (IRQs 1 3 4 5 6 7 10 12 14 15) *11
[    0.548064] ACPI: PCI Interrupt Link [LNKD] (IRQs 1 3 4 5 6 7 11 12 14 15) *0, disabled.
[    0.548174] ACPI: PCI Interrupt Link [LNKE] (IRQs 1 3 4 5 6 *7 10 12 14 15)
[    0.548283] ACPI: PCI Interrupt Link [LNKF] (IRQs 1 3 4 5 6 7 11 12 14 15) *10
[    0.548392] ACPI: PCI Interrupt Link [LNKG] (IRQs 1 3 4 5 6 7 10 12 14 15) *11
[    0.548501] ACPI: PCI Interrupt Link [LNKH] (IRQs 1 3 4 5 6 7 11 12 14 15) *0, disabled.
[    0.548601] vgaarb: device added: PCI:0000:00:02.0,decodes=io+mem,owns=io+mem,locks=none
[    0.548610] vgaarb: loaded
[    0.548695] SCSI subsystem initialized
[    0.548794] libata version 3.00 loaded.
[    0.548847] usbcore: registered new interface driver usbfs
[    0.548856] usbcore: registered new interface driver hub
[    0.548876] usbcore: registered new device driver usb
[    0.548967] ACPI: WMI: Mapper loaded
[    0.548969] PCI: Using ACPI for IRQ routing
[    0.549123] NetLabel: Initializing
[    0.549124] NetLabel:  domain hash size = 128
[    0.549125] NetLabel:  protocols = UNLABELED CIPSOv4
[    0.549134] NetLabel:  unlabeled traffic allowed by default
[    0.549171] hpet0: at MMIO 0xfed00000, IRQs 2, 8, 24, 25, 26, 27, 0, 0
[    0.549176] hpet0: 8 comparators, 64-bit 14.318180 MHz counter
[    0.555117] hpet: hpet2 irq 24 for MSI
[    0.555186] hpet: hpet3 irq 25 for MSI
[    0.555230] hpet: hpet4 irq 26 for MSI
[    0.559411] hpet: hpet5 irq 27 for MSI
[    0.559434] Switching to clocksource tsc
[    0.561356] AppArmor: AppArmor Filesystem Enabled
[    0.561371] pnp: PnP ACPI init
[    0.561384] ACPI: bus type pnp registered
[    0.564418] pnp: PnP ACPI: found 14 devices
[    0.564420] ACPI: ACPI bus type pnp unregistered
[    0.564423] PnPBIOS: Disabled by ACPI PNP
[    0.564434] system 00:01: ioport range 0x400-0x47f has been reserved
[    0.564436] system 00:01: ioport range 0x480-0x48f has been reserved
[    0.564438] system 00:01: ioport range 0x4d0-0x4d1 has been reserved
[    0.564439] system 00:01: ioport range 0x680-0x69f has been reserved
[    0.564441] system 00:01: ioport range 0x500-0x50f has been reserved
[    0.564443] system 00:01: ioport range 0x600-0x603 has been reserved
[    0.564445] system 00:01: ioport range 0x800-0x80f has been reserved
[    0.564447] system 00:01: ioport range 0xf40-0xf41 has been reserved
[    0.564449] system 00:01: ioport range 0x1100-0x111f has been reserved
[    0.564451] system 00:01: ioport range 0x1180-0x11ff has been reserved
[    0.564453] system 00:01: ioport range 0x1640-0x164f has been reserved
[    0.564455] system 00:01: ioport range 0xf800-0xf87f has been reserved
[    0.564457] system 00:01: ioport range 0xf880-0xf8ff has been reserved
[    0.564459] system 00:01: ioport range 0xfc00-0xfc7f has been reserved
[    0.564461] system 00:01: ioport range 0xfc80-0xfcff has been reserved
[    0.564463] system 00:01: ioport range 0xfd00-0xfd6f has been reserved
[    0.564467] system 00:02: iomem range 0xfed1c000-0xfed1ffff has been reserved
[    0.564469] system 00:02: iomem range 0xfed10000-0xfed13fff has been reserved
[    0.564471] system 00:02: iomem range 0xfed18000-0xfed18fff has been reserved
[    0.564473] system 00:02: iomem range 0xfed19000-0xfed19fff has been reserved
[    0.564475] system 00:02: iomem range 0xe0000000-0xefffffff has been reserved
[    0.564477] system 00:02: iomem range 0x0-0xfff could not be reserved
[    0.564479] system 00:02: iomem range 0xfeaff000-0xfeafffff has been reserved
[    0.564481] system 00:02: iomem range 0xfed20000-0xfed3ffff has been reserved
[    0.564483] system 00:02: iomem range 0xfed45000-0xfed8ffff has been reserved
[    0.564485] system 00:02: iomem range 0xff000000-0xffffffff has been reserved
[    0.564487] system 00:02: iomem range 0xfee00000-0xfeefffff could not be reserved
[    0.564489] system 00:02: iomem range 0xfef00000-0xfeffffff has been reserved
[    0.564495] system 00:0b: iomem range 0xfed00000-0xfed003ff has been reserved
[    0.599122] pci 0000:00:1c.0: PCI bridge, secondary bus 0000:08
[    0.599126] pci 0000:00:1c.0:   IO window: 0x2000-0x2fff
[    0.599137] pci 0000:00:1c.0:   MEM window: 0xf0000000-0xf1ffffff
[    0.599141] pci 0000:00:1c.0:   PREFETCH window: 0x000000c4000000-0x000000c41fffff
[    0.599149] pci 0000:00:1c.1: PCI bridge, secondary bus 0000:10
[    0.599152] pci 0000:00:1c.1:   IO window: 0x3000-0x3fff
[    0.599157] pci 0000:00:1c.1:   MEM window: 0xf2400000-0xf24fffff
[    0.599162] pci 0000:00:1c.1:   PREFETCH window: 0x000000c4200000-0x000000c43fffff
[    0.599176] pci 0000:48:03.0: CardBus bridge, secondary bus 0000:49
[    0.599177] pci 0000:48:03.0:   IO window: 0x004000-0x0040ff
[    0.599182] pci 0000:48:03.0:   IO window: 0x004400-0x0044ff
[    0.599187] pci 0000:48:03.0:   PREFETCH window: 0xc0000000-0xc3ffffff
[    0.599191] pci 0000:48:03.0:   MEM window: 0xc8000000-0xcbffffff
[    0.599195] pci 0000:00:1e.0: PCI bridge, secondary bus 0000:48
[    0.599198] pci 0000:00:1e.0:   IO window: 0x4000-0x4fff
[    0.599204] pci 0000:00:1e.0:   MEM window: 0xf2500000-0xf25fffff
[    0.599209] pci 0000:00:1e.0:   PREFETCH window: 0xc0000000-0xc3ffffff
[    0.599230]   alloc irq_desc for 17 on node -1
[    0.599231]   alloc kstat_irqs on node -1
[    0.599237] pci 0000:00:1c.0: PCI INT A -> GSI 17 (level, low) -> IRQ 17
[    0.599243] pci 0000:00:1c.0: setting latency timer to 64
[    0.599252]   alloc irq_desc for 18 on node -1
[    0.599253]   alloc kstat_irqs on node -1
[    0.599257] pci 0000:00:1c.1: PCI INT B -> GSI 18 (level, low) -> IRQ 18
[    0.599261] pci 0000:00:1c.1: setting latency timer to 64
[    0.599269] pci 0000:00:1e.0: setting latency timer to 64
[    0.599278]   alloc irq_desc for 16 on node -1
[    0.599280]   alloc kstat_irqs on node -1
[    0.599282] pci 0000:48:03.0: PCI INT A -> GSI 16 (level, low) -> IRQ 16
[    0.599288] pci_bus 0000:00: resource 0 io:  [0x00-0xffff]
[    0.599290] pci_bus 0000:00: resource 1 mem: [0x000000-0xffffffffffffffff]
[    0.599292] pci_bus 0000:08: resource 0 io:  [0x2000-0x2fff]
[    0.599293] pci_bus 0000:08: resource 1 mem: [0xf0000000-0xf1ffffff]
[    0.599295] pci_bus 0000:08: resource 2 pref mem [0xc4000000-0xc41fffff]
[    0.599297] pci_bus 0000:10: resource 0 io:  [0x3000-0x3fff]
[    0.599298] pci_bus 0000:10: resource 1 mem: [0xf2400000-0xf24fffff]
[    0.599300] pci_bus 0000:10: resource 2 pref mem [0xc4200000-0xc43fffff]
[    0.599302] pci_bus 0000:48: resource 0 io:  [0x4000-0x4fff]
[    0.599303] pci_bus 0000:48: resource 1 mem: [0xf2500000-0xf25fffff]
[    0.599305] pci_bus 0000:48: resource 2 pref mem [0xc0000000-0xc3ffffff]
[    0.599307] pci_bus 0000:48: resource 3 io:  [0x00-0xffff]
[    0.599308] pci_bus 0000:48: resource 4 mem: [0x000000-0xffffffffffffffff]
[    0.599310] pci_bus 0000:49: resource 0 io:  [0x4000-0x40ff]
[    0.599311] pci_bus 0000:49: resource 1 io:  [0x4400-0x44ff]
[    0.599313] pci_bus 0000:49: resource 2 pref mem [0xc0000000-0xc3ffffff]
[    0.599315] pci_bus 0000:49: resource 3 mem: [0xc8000000-0xcbffffff]
[    0.599316] pci_bus 0000:ff: resource 0 io:  [0x00-0xffff]
[    0.599318] pci_bus 0000:ff: resource 1 mem: [0x000000-0xffffffffffffffff]
[    0.599349] NET: Registered protocol family 2
[    0.599420] IP route cache hash table entries: 32768 (order: 5, 131072 bytes)
[    0.599624] TCP established hash table entries: 131072 (order: 8, 1048576 bytes)
[    0.599843] TCP bind hash table entries: 65536 (order: 7, 524288 bytes)
[    0.599950] TCP: Hash tables configured (established 131072 bind 65536)
[    0.599951] TCP reno registered
[    0.600002] NET: Registered protocol family 1
[    0.600015] pci 0000:00:02.0: Boot video device
[    0.600089] Simple Boot Flag at 0x37 set to 0x1
[    0.600298] cpufreq-nforce2: No nForce2 chipset.
[    0.600317] Scanning for low memory corruption every 60 seconds
[    0.600393] audit: initializing netlink socket (disabled)
[    0.600400] type=2000 audit(1280249010.443:1): initialized
[    0.608909] highmem bounce pool size: 64 pages
[    0.608913] HugeTLB registered 2 MB page size, pre-allocated 0 pages
[    0.609883] VFS: Disk quotas dquot_6.5.2
[    0.609923] Dquot-cache hash table entries: 1024 (order 0, 4096 bytes)
[    0.610311] fuse init (API version 7.13)
[    0.610368] msgmni has been set to 1618
[    0.610552] alg: No test for stdrng (krng)
[    0.610593] Block layer SCSI generic (bsg) driver version 0.4 loaded (major 253)
[    0.610596] io scheduler noop registered
[    0.610597] io scheduler anticipatory registered
[    0.610598] io scheduler deadline registered
[    0.610624] io scheduler cfq registered (default)
[    0.610761]   alloc irq_desc for 28 on node -1
[    0.610762]   alloc kstat_irqs on node -1
[    0.610772] pcieport 0000:00:1c.0: irq 28 for MSI/MSI-X
[    0.610784] pcieport 0000:00:1c.0: setting latency timer to 64
[    0.610910]   alloc irq_desc for 29 on node -1
[    0.610911]   alloc kstat_irqs on node -1
[    0.610919] pcieport 0000:00:1c.1: irq 29 for MSI/MSI-X
[    0.610929] pcieport 0000:00:1c.1: setting latency timer to 64
[    0.611007] pci_hotplug: PCI Hot Plug PCI Core version: 0.5
[    0.611114] pciehp: PCI Express Hot Plug Controller Driver version: 0.4
[    0.611273] ACPI: AC Adapter [AC] (on-line)
[    0.611323] input: Lid Switch as /devices/LNXSYSTM:00/LNXSYBUS:00/PNP0C0D:00/input/input0
[    0.611375] ACPI: Lid Switch [LID]
[    0.611405] input: Power Button as /devices/LNXSYSTM:00/LNXSYBUS:00/PNP0C0C:00/input/input1
[    0.611407] ACPI: Power Button [PWRB]
[    0.611435] input: Power Button as /devices/LNXSYSTM:00/LNXPWRBN:00/input/input2
[    0.611437] ACPI: Power Button [PWRF]
[    0.612481] ACPI: SSDT bb71aa18 0046E (v01  PmRef  Cpu0Ist 00003000 INTL 20060912)
[    0.613063] ACPI: SSDT bb718018 00834 (v01  PmRef  Cpu0Cst 00003001 INTL 20060912)
[    0.613792] Monitor-Mwait will be used to enter C-1 state
[    0.613812] Monitor-Mwait will be used to enter C-2 state
[    0.613840] processor LNXCPU:00: registered as cooling_device0
[    0.614322] ACPI: SSDT bb719a98 00303 (v01  PmRef    ApIst 00003000 INTL 20060912)
[    0.614729] ACPI: SSDT bb717d98 00119 (v01  PmRef    ApCst 00003000 INTL 20060912)
[    0.615447] processor LNXCPU:01: registered as cooling_device1
[    0.616312] processor LNXCPU:02: registered as cooling_device2
[    0.617189] processor LNXCPU:03: registered as cooling_device3
[    0.620436] isapnp: Scanning for PnP cards...
[    0.623608] Serial: 8250/16550 driver, 4 ports, IRQ sharing enabled
[    0.624141] 00:0c: ttyS0 at I/O 0x220 (irq = 4) is a 16550A
[    0.625106] brd: module loaded
[    0.625542] loop: module loaded
[    0.625619] input: Macintosh mouse button emulation as /devices/virtual/input/input3
[    0.625988] Fixed MDIO Bus: probed
[    0.626019] PPP generic driver version 2.4.2
[    0.626051] tun: Universal TUN/TAP device driver, 1.6
[    0.626052] tun: (C) 1999-2004 Max Krasnyansky <maxk@qualcomm.com>
[    0.626124] ehci_hcd: USB 2.0 'Enhanced' Host Controller (EHCI) Driver
[    0.626155]   alloc irq_desc for 22 on node -1
[    0.626157]   alloc kstat_irqs on node -1
[    0.626163] ehci_hcd 0000:00:1a.0: PCI INT A -> GSI 22 (level, low) -> IRQ 22
[    0.626176] ehci_hcd 0000:00:1a.0: setting latency timer to 64
[    0.626180] ehci_hcd 0000:00:1a.0: EHCI Host Controller
[    0.626207] ehci_hcd 0000:00:1a.0: new USB bus registered, assigned bus number 1
[    0.626235] ehci_hcd 0000:00:1a.0: debug port 2
[    0.630212] ehci_hcd 0000:00:1a.0: cache line size of 32 is not supported
[    0.630230] ehci_hcd 0000:00:1a.0: irq 22, io mem 0xf2828000
[    0.640214] ACPI: Battery Slot [CMB1] (battery present)
[    0.642951] ehci_hcd 0000:00:1a.0: USB 2.0 started, EHCI 1.00
[    0.643035] usb usb1: configuration #1 chosen from 1 choice
[    0.643060] hub 1-0:1.0: USB hub found
[    0.643067] hub 1-0:1.0: 3 ports detected
[    0.643132] ehci_hcd 0000:00:1d.0: PCI INT A -> GSI 22 (level, low) -> IRQ 22
[    0.643244] ehci_hcd 0000:00:1d.0: setting latency timer to 64
[    0.643249] ehci_hcd 0000:00:1d.0: EHCI Host Controller
[    0.643287] ehci_hcd 0000:00:1d.0: new USB bus registered, assigned bus number 2
[    0.643312] ehci_hcd 0000:00:1d.0: debug port 2
[    0.647344] ehci_hcd 0000:00:1d.0: cache line size of 32 is not supported
[    0.647356] ehci_hcd 0000:00:1d.0: irq 22, io mem 0xf2828400
[    0.656514] ACPI: Battery Slot [CMB2] (battery present)
[    0.662914] ehci_hcd 0000:00:1d.0: USB 2.0 started, EHCI 1.00
[    0.663008] usb usb2: configuration #1 chosen from 1 choice
[    0.663032] hub 2-0:1.0: USB hub found
[    0.663039] hub 2-0:1.0: 3 ports detected
[    0.663095] ohci_hcd: USB 1.1 'Open' Host Controller (OHCI) Driver
[    0.663110] uhci_hcd: USB Universal Host Controller Interface driver
[    0.663193] PNP: PS/2 Controller [PNP0303:KBC,PNP0f13:PS2M] at 0x60,0x64 irq 1,12
[    0.665431] i8042.c: Detected active multiplexing controller, rev 1.1.
[    0.667502] serio: i8042 KBD port at 0x60,0x64 irq 1
[    0.667511] serio: i8042 AUX0 port at 0x60,0x64 irq 12
[    0.667513] serio: i8042 AUX1 port at 0x60,0x64 irq 12
[    0.667516] serio: i8042 AUX2 port at 0x60,0x64 irq 12
[    0.667518] serio: i8042 AUX3 port at 0x60,0x64 irq 12
[    0.667585] mice: PS/2 mouse device common for all mice
[    0.667697] rtc_cmos 00:09: RTC can wake from S4
[    0.667732] rtc_cmos 00:09: rtc core: registered rtc_cmos as rtc0
[    0.667762] rtc0: alarms up to one month, y3k, 242 bytes nvram, hpet irqs
[    0.667850] device-mapper: uevent: version 1.0.3
[    0.667974] device-mapper: ioctl: 4.15.0-ioctl (2009-04-01) initialised: dm-devel@redhat.com
[    0.668059] device-mapper: multipath: version 1.1.0 loaded
[    0.668062] device-mapper: multipath round-robin: version 1.0.0 loaded
[    0.668157] EISA: Probing bus 0 at eisa.0
[    0.668166] Cannot allocate resource for EISA slot 1
[    0.668168] Cannot allocate resource for EISA slot 2
[    0.668170] Cannot allocate resource for EISA slot 3
[    0.668172] Cannot allocate resource for EISA slot 4
[    0.668191] EISA: Detected 0 cards.
[    0.668401] cpuidle: using governor ladder
[    0.668544] cpuidle: using governor menu
[    0.668946] TCP cubic registered
[    0.669078] NET: Registered protocol family 10
[    0.669477] lo: Disabled Privacy Extensions
[    0.669759] NET: Registered protocol family 17
[    0.671175] Using IPI No-Shortcut mode
[    0.671239] PM: Resume from disk failed.
[    0.671249] registered taskstats version 1
[    0.671684]   Magic number: 2:417:743
[    0.671767] rtc_cmos 00:09: setting system clock to 2010-07-27 16:43:31 UTC (1280249011)
[    0.671770] BIOS EDD facility v0.16 2004-Jun-25, 0 devices found
[    0.671772] EDD information not available.
[    0.687872] Freeing initrd memory: 7735k freed
[    0.696160] input: AT Translated Set 2 keyboard as /devices/platform/i8042/serio0/input/input4
[    0.978358] usb 1-1: new high speed USB device using ehci_hcd and address 2
[    0.987764] isapnp: No Plug & Play device found
[    0.987780] Freeing unused kernel memory: 676k freed
[    0.988033] Write protecting the kernel text: 4836k
[    0.988093] Write protecting the kernel read-only data: 1880k
[    1.000506] udev: starting version 151
[    1.034713] ahci 0000:00:1f.2: version 3.0
[    1.034737]   alloc irq_desc for 21 on node -1
[    1.034739]   alloc kstat_irqs on node -1
[    1.034746] ahci 0000:00:1f.2: PCI INT B -> GSI 21 (level, low) -> IRQ 21
[    1.034796]   alloc irq_desc for 30 on node -1
[    1.034797]   alloc kstat_irqs on node -1
[    1.034807] ahci 0000:00:1f.2: irq 30 for MSI/MSI-X
[    1.034850] ahci: SSS flag set, parallel bus scan disabled
[    1.034896] ahci 0000:00:1f.2: AHCI 0001.0300 32 slots 6 ports 3 Gbps 0x13 impl SATA mode
[    1.034900] ahci 0000:00:1f.2: flags: 64bit ncq sntf stag pm led clo pio slum part ems sxs apst 
[    1.034907] ahci 0000:00:1f.2: setting latency timer to 64
[    1.051486] e1000e: Intel(R) PRO/1000 Network Driver - 1.0.2-k2
[    1.051490] e1000e: Copyright (c) 1999-2008 Intel Corporation.
[    1.053223] scsi0 : ahci
[    1.055716] scsi1 : ahci
[    1.057449] scsi2 : ahci
[    1.057518] scsi3 : ahci
[    1.057577] scsi4 : ahci
[    1.057639] scsi5 : ahci
[    1.058461] ata1: SATA max UDMA/133 abar m2048@0xf2827000 port 0xf2827100 irq 30
[    1.058467] ata2: SATA max UDMA/133 abar m2048@0xf2827000 port 0xf2827180 irq 30
[    1.058469] ata3: DUMMY
[    1.058470] ata4: DUMMY
[    1.058474] ata5: SATA max UDMA/133 abar m2048@0xf2827000 port 0xf2827300 irq 30
[    1.058476] ata6: DUMMY
[    1.058676] e1000e 0000:00:19.0: PCI INT A -> GSI 17 (level, low) -> IRQ 17
[    1.058690] e1000e 0000:00:19.0: setting latency timer to 64
[    1.058810]   alloc irq_desc for 31 on node -1
[    1.058812]   alloc kstat_irqs on node -1
[    1.058826] e1000e 0000:00:19.0: irq 31 for MSI/MSI-X
[    1.060134] ohci1394 0000:48:03.4: PCI INT A -> GSI 16 (level, low) -> IRQ 16
[    1.110526] usb 1-1: configuration #1 chosen from 1 choice
[    1.110599] hub 1-1:1.0: USB hub found
[    1.110699] hub 1-1:1.0: 6 ports detected
[    1.115272] ohci1394: fw-host0: OHCI-1394 1.1 (PCI): IRQ=[16]  MMIO=[f2502000-f25027ff]  Max Packet=[2048]  IR/IT contexts=[8/8]
[    1.227597] usb 2-1: new high speed USB device using ehci_hcd and address 2
[    1.354834] usb 2-1: configuration #1 chosen from 1 choice
[    1.354940] hub 2-1:1.0: USB hub found
[    1.355048] hub 2-1:1.0: 8 ports detected
[    1.378369] ata1: SATA link up 3.0 Gbps (SStatus 123 SControl 300)
[    1.379315] ata1.00: ACPI cmd ef/10:03:00:00:00:a0 (SET FEATURES) filtered out
[    1.379318] ata1.00: ACPI cmd f5/00:00:00:00:00:a0 (SECURITY FREEZE LOCK) filtered out
[    1.421431] ata1.00: ATA-8: ST9160412AS, 0002SDM1, max UDMA/133
[    1.421433] ata1.00: 312581808 sectors, multi 16: LBA48 NCQ (depth 31/32)
[    1.423145] ata1.00: ACPI cmd ef/10:03:00:00:00:a0 (SET FEATURES) filtered out
[    1.423148] ata1.00: ACPI cmd f5/00:00:00:00:00:a0 (SECURITY FREEZE LOCK) filtered out
[    1.423442] ata1.00: configured for UDMA/133
[    1.438350] scsi 0:0:0:0: Direct-Access     ATA      ST9160412AS      0002 PQ: 0 ANSI: 5
[    1.438474] sd 0:0:0:0: Attached scsi generic sg0 type 0
[    1.438547] sd 0:0:0:0: [sda] 312581808 512-byte logical blocks: (160 GB/149 GiB)
[    1.438583] sd 0:0:0:0: [sda] Write Protect is off
[    1.438586] sd 0:0:0:0: [sda] Mode Sense: 00 3a 00 00
[    1.438604] sd 0:0:0:0: [sda] Write cache: enabled, read cache: enabled, doesn't support DPO or FUA
[    1.438709]  sda: sda1 sda2 < sda5 >
[    1.480758] sd 0:0:0:0: [sda] Attached SCSI disk
[    1.494137] 0000:00:19.0: eth0: (PCI Express:2.5GB/s:Width x1) 8c:73:6e:77:21:31
[    1.494139] 0000:00:19.0: eth0: Intel(R) PRO/1000 Network Connection
[    1.494189] 0000:00:19.0: eth0: MAC: 9, PHY: 10, PBA No: ffffff-0ff
[    1.626125] usb 2-1.1: new full speed USB device using ehci_hcd and address 3
[    1.719913] usb 2-1.1: configuration #1 chosen from 1 choice
[    1.758722] ata2: SATA link down (SStatus 0 SControl 300)
[    1.797828] usb 2-1.3: new high speed USB device using ehci_hcd and address 4
[    1.953684] usb 2-1.3: configuration #1 chosen from 1 choice
[    2.026431] usb 2-1.4: new full speed USB device using ehci_hcd and address 5
[    2.093155] ata5: SATA link down (SStatus 0 SControl 300)
[    2.211590] usb 2-1.4: configuration #1 chosen from 1 choice
[    2.304211] EXT4-fs (sda1): INFO: recovery required on readonly filesystem
[    2.304215] EXT4-fs (sda1): write access will be enabled during recovery
[    2.385822] ieee1394: Host added: ID:BUS[0-00:1023]  GUID[00000e1004424ef7]
[    2.726368] EXT4-fs (sda1): orphan cleanup on readonly fs
[    2.726375] EXT4-fs (sda1): ext4_orphan_cleanup: deleting unreferenced inode 8912918
[    2.726431] EXT4-fs (sda1): ext4_orphan_cleanup: deleting unreferenced inode 8912917
[    2.726440] EXT4-fs (sda1): ext4_orphan_cleanup: deleting unreferenced inode 8912916
[    2.726449] EXT4-fs (sda1): ext4_orphan_cleanup: deleting unreferenced inode 8912915
[    2.726466] EXT4-fs (sda1): ext4_orphan_cleanup: deleting unreferenced inode 8912909
[    2.726476] EXT4-fs (sda1): ext4_orphan_cleanup: deleting unreferenced inode 8912908
[    2.726484] EXT4-fs (sda1): ext4_orphan_cleanup: deleting unreferenced inode 8912905
[    2.726493] EXT4-fs (sda1): ext4_orphan_cleanup: deleting unreferenced inode 8912904
[    2.726502] EXT4-fs (sda1): ext4_orphan_cleanup: deleting unreferenced inode 8912903
[    2.726510] EXT4-fs (sda1): ext4_orphan_cleanup: deleting unreferenced inode 8912899
[    2.726518] EXT4-fs (sda1): 10 orphan inodes deleted
[    2.726520] EXT4-fs (sda1): recovery complete
[    3.719649] EXT4-fs (sda1): mounted filesystem with ordered data mode
[   10.372239] udev: starting version 151
[   10.393017] lp: driver loaded but no devices found
[   10.399644] Adding 6384632k swap on /dev/sda5.  Priority:-1 extents:1 across:6384632k 
[   10.430386] Linux agpgart interface v0.103
[   10.460171] agpgart-intel 0000:00:00.0: Intel IGDNG/M Chipset
[   10.460928] agpgart-intel 0000:00:00.0: detected 32764K stolen memory
[   10.534995] agpgart-intel 0000:00:00.0: AGP aperture is 256M @ 0xd0000000
[   10.540287] cfg80211: Calling CRDA to update world regulatory domain
[   10.547616] type=1505 audit(1280263421.392:2):  operation="profile_load" pid=659 name="/sbin/dhclient3"
[   10.548431] type=1505 audit(1280263421.392:3):  operation="profile_load" pid=659 name="/usr/lib/NetworkManager/nm-dhcp-client.action"
[   10.548727] type=1505 audit(1280263421.392:4):  operation="profile_load" pid=659 name="/usr/lib/connman/scripts/dhclient-script"
[   10.562615] input: Fujitsu FUJ02B1 as /devices/LNXSYSTM:00/LNXSYBUS:00/PNP0A08:00/device:08/FUJ02B1:00/input/input5
[   10.562675] ACPI: Fujitsu FUJ02B1 [FJEX] (on)
[   10.563265] input: Fujitsu FUJ02E3 as /devices/LNXSYSTM:00/LNXSYBUS:00/FUJ02E3:00/input/input6
[   10.563296] ACPI: Fujitsu FUJ02E3 [FEXT] (on)
[   10.564075] fujitsu-laptop: BTNI: [0xf0001]
[   10.564353] fujitsu-laptop: driver 0.6.0 successfully loaded.
[   10.564582] sdhci: Secure Digital Host Controller Interface driver
[   10.564584] sdhci: Copyright(c) Pierre Ossman
[   10.566169] sdhci-pci 0000:48:03.2: SDHCI controller found [1217:7120] (rev 2)
[   10.566191] sdhci-pci 0000:48:03.2: PCI INT A -> GSI 16 (level, low) -> IRQ 16
[   10.566217] mmc0: Unknown controller version (2). You may experience problems.
[   10.566310] Registered led device: mmc0::
[   10.566352] mmc0: SDHCI controller on PCI [0000:48:03.2] using DMA
[   10.575101] tpm_tis 00:03: 1.2 TPM (device-id 0xB, rev-id 16)
[   10.583590] Bluetooth: Core ver 2.15
[   10.583690] NET: Registered protocol family 31
[   10.583693] Bluetooth: HCI device and connection manager initialized
[   10.583695] Bluetooth: HCI socket layer initialized
[   10.602434] [drm] Initialized drm 1.1.0 20060810
[   10.603885] yenta_cardbus 0000:48:03.0: CardBus bridge found [10cf:14d6]
[   10.603907] yenta_cardbus 0000:48:03.0: O2: res at 0x94/0xD4: 00/ea
[   10.603909] yenta_cardbus 0000:48:03.0: O2: enabling read prefetch/write burst
[   10.608685] Bluetooth: Generic Bluetooth USB driver ver 0.6
[   10.608884] usbcore: registered new interface driver btusb
[   10.641086] iwlagn: Intel(R) Wireless WiFi Link AGN driver for Linux, 1.3.27k
[   10.641088] iwlagn: Copyright(c) 2003-2009 Intel Corporation
[   10.641141] iwlagn 0000:10:00.0: PCI INT A -> GSI 17 (level, low) -> IRQ 17
[   10.641150] iwlagn 0000:10:00.0: setting latency timer to 64
[   10.641183] iwlagn 0000:10:00.0: Detected Intel Wireless WiFi Link 6000 Series 2x2 AGN REV=0x74
[   10.647981] Linux video capture interface: v2.00
[   10.661617] iwlagn 0000:10:00.0: Tunable channels: 13 802.11bg, 24 802.11a channels
[   10.661678]   alloc irq_desc for 32 on node -1
[   10.661679]   alloc kstat_irqs on node -1
[   10.661698] iwlagn 0000:10:00.0: irq 32 for MSI/MSI-X
[   10.666711] i915 0000:00:02.0: PCI INT A -> GSI 16 (level, low) -> IRQ 16
[   10.666716] i915 0000:00:02.0: setting latency timer to 64
[   10.670335] uvcvideo: Found UVC 1.00 device CNF8248 (04f2:b169)
[   10.671705] phy0: Selected rate control algorithm 'iwl-agn-rs'
[   10.674637]   alloc irq_desc for 33 on node -1
[   10.674640]   alloc kstat_irqs on node -1
[   10.674650] i915 0000:00:02.0: irq 33 for MSI/MSI-X
[   10.674658] [drm] set up 31M of stolen space
[   10.691939] input: CNF8248 as /devices/pci0000:00/0000:00:1d.0/usb2/2-1/2-1.3/2-1.3:1.0/input/input7
[   10.691994] usbcore: registered new interface driver uvcvideo
[   10.691998] USB Video Class driver (v0.1.0)
[   10.699164] cfg80211: World regulatory domain updated:
[   10.699168] 	(start_freq - end_freq @ bandwidth), (max_antenna_gain, max_eirp)
[   10.699171] 	(2402000 KHz - 2472000 KHz @ 40000 KHz), (300 mBi, 2000 mBm)
[   10.699174] 	(2457000 KHz - 2482000 KHz @ 20000 KHz), (300 mBi, 2000 mBm)
[   10.699177] 	(2474000 KHz - 2494000 KHz @ 20000 KHz), (300 mBi, 2000 mBm)
[   10.699180] 	(5170000 KHz - 5250000 KHz @ 40000 KHz), (300 mBi, 2000 mBm)
[   10.699183] 	(5735000 KHz - 5835000 KHz @ 40000 KHz), (300 mBi, 2000 mBm)
[   10.732464] yenta_cardbus 0000:48:03.0: ISA IRQ mask 0x0cb8, PCI irq 16
[   10.732469] yenta_cardbus 0000:48:03.0: Socket status: 30000006
[   10.732473] pci_bus 0000:48: Raising subordinate bus# of parent bus (#48) from #49 to #4c
[   10.732482] yenta_cardbus 0000:48:03.0: pcmcia: parent PCI bridge I/O window: 0x4000 - 0x4fff
[   10.732486] pcmcia_socket pcmcia_socket0: cs: IO port probe 0x4000-0x4fff: clean.
[   10.732782] yenta_cardbus 0000:48:03.0: pcmcia: parent PCI bridge Memory window: 0xf2500000 - 0xf25fffff
[   10.732785] yenta_cardbus 0000:48:03.0: pcmcia: parent PCI bridge Memory window: 0xc0000000 - 0xc3ffffff
[   10.734538] psmouse serio4: ID: 73 02 64
[   10.750571] fsc_btns: found: Fujitsu Siemens P/T Series
[   10.750926] input: fsc tablet buttons as /devices/platform/fsc_btns/input/input8
[   10.751029] input: fsc tablet switch as /devices/platform/fsc_btns/input/input9
[   11.359302] input: ImPS/2 Generic Wheel Mouse as /devices/platform/i8042/serio4/input/input10
[   11.472709] pcmcia_socket pcmcia_socket0: cs: IO port probe 0x100-0x3af: clean.
[   11.474575] pcmcia_socket pcmcia_socket0: cs: IO port probe 0x3e0-0x4ff: clean.
[   11.474966] pcmcia_socket pcmcia_socket0: cs: IO port probe 0x820-0x8ff: clean.
[   11.475590] pcmcia_socket pcmcia_socket0: cs: IO port probe 0xc00-0xcf7: clean.
[   11.476333] pcmcia_socket pcmcia_socket0: cs: IO port probe 0xa00-0xaff: clean.
[   11.518368] fb0: inteldrmfb frame buffer device
[   11.518370] registered panic notifier
[   11.520537] acpi device:03: registered as cooling_device4
[   11.520743] input: Video Bus as /devices/LNXSYSTM:00/LNXSYBUS:00/PNP0A08:00/LNXVIDEO:00/input/input11
[   11.520776] ACPI: Video Device [GFX0] (multi-head: yes  rom: no  post: no)
[   11.520805] [drm] Initialized i915 1.6.0 20080730 for 0000:00:02.0 on minor 0
[   11.520846] HDA Intel 0000:00:1b.0: PCI INT A -> GSI 21 (level, low) -> IRQ 21
[   11.520885] HDA Intel 0000:00:1b.0: setting latency timer to 64
[   11.522978] vga16fb: initializing
[   11.522982] vga16fb: mapped to 0xc00a0000
[   11.522984] vga16fb: not registering due to another framebuffer present
[   11.628908] input: HDA Digital PCBeep as /devices/pci0000:00/0000:00:1b.0/input/input12
[   12.014088] Console: switching to colour frame buffer device 160x50
[   12.181158] type=1505 audit(1280263423.028:5):  operation="profile_load" pid=905 name="/usr/share/gdm/guest-session/Xsession"
[   12.182779] type=1505 audit(1280263423.028:6):  operation="profile_replace" pid=908 name="/sbin/dhclient3"
[   12.183261] type=1505 audit(1280263423.028:7):  operation="profile_replace" pid=908 name="/usr/lib/NetworkManager/nm-dhcp-client.action"
[   12.183519] type=1505 audit(1280263423.028:8):  operation="profile_replace" pid=908 name="/usr/lib/connman/scripts/dhclient-script"
[   12.187986] type=1505 audit(1280263423.032:9):  operation="profile_load" pid=912 name="/usr/bin/evince"
[   12.194392] type=1505 audit(1280263423.040:10):  operation="profile_load" pid=912 name="/usr/bin/evince-previewer"
[   12.198447] type=1505 audit(1280263423.044:11):  operation="profile_load" pid=912 name="/usr/bin/evince-thumbnailer"
[   12.267561] e1000e 0000:00:19.0: irq 31 for MSI/MSI-X
[   12.323397] e1000e 0000:00:19.0: irq 31 for MSI/MSI-X
[   12.323684] ADDRCONF(NETDEV_UP): eth0: link is not ready
[   12.325953] iwlagn 0000:10:00.0: firmware: requesting iwlwifi-6000-4.ucode
[   12.379153] iwlagn 0000:10:00.0: loaded firmware version 9.193.4.1
[   12.667868] Registered led device: iwl-phy0::radio
[   12.667886] Registered led device: iwl-phy0::assoc
[   12.667899] Registered led device: iwl-phy0::RX
[   12.667912] Registered led device: iwl-phy0::TX
[   12.694219] vboxdrv: Trying to deactivate the NMI watchdog permanently...
[   12.694223] vboxdrv: Warning: 2.6.31+ kernel detected. Most likely the hardware performance
[   12.694224] vboxdrv: counter framework which can generate NMIs is active. You have to prevent
[   12.694226] vboxdrv: the usage of hardware performance counters by
[   12.694227] vboxdrv:   echo 2 > /proc/sys/kernel/perf_counter_paranoid
[   12.694230] vboxdrv: Found 4 processor cores.
[   12.694322] vboxdrv: fAsync=0 offMin=0x228 offMax=0x1c26
[   12.694639] vboxdrv: TSC mode is 'synchronous', kernel timer mode is 'normal'.
[   12.694642] vboxdrv: Successfully loaded version 3.2.6 (interface 0x00140001).
[   12.695826] ADDRCONF(NETDEV_UP): wlan0: link is not ready
[   12.915459] Bluetooth: L2CAP ver 2.14
[   12.915460] Bluetooth: L2CAP socket layer initialized
[   12.919346] Bluetooth: BNEP (Ethernet Emulation) ver 1.3
[   12.919348] Bluetooth: BNEP filters: protocol multicast
[   12.924549] Bridge firewalling registered
[   12.929744] Bluetooth: SCO (Voice Link) ver 0.6
[   12.929747] Bluetooth: SCO socket layer initialized
[   12.950148] ppdev: user-space parallel port driver
[   13.094732] CPU0 attaching NULL sched-domain.
[   13.094736] CPU1 attaching NULL sched-domain.
[   13.094738] CPU2 attaching NULL sched-domain.
[   13.094740] CPU3 attaching NULL sched-domain.
[   13.119483] CPU0 attaching sched-domain:
[   13.119486]  domain 0: span 0,2 level SIBLING
[   13.119488]   groups: 0 (cpu_power = 589) 2 (cpu_power = 589)
[   13.119492]   domain 1: span 0-3 level MC
[   13.119494]    groups: 0,2 (cpu_power = 1178) 1,3 (cpu_power = 1178)
[   13.119498] CPU1 attaching sched-domain:
[   13.119500]  domain 0: span 1,3 level SIBLING
[   13.119501]   groups: 1 (cpu_power = 589) 3 (cpu_power = 589)
[   13.119505]   domain 1: span 0-3 level MC
[   13.119506]    groups: 1,3 (cpu_power = 1178) 0,2 (cpu_power = 1178)
[   13.119510] CPU2 attaching sched-domain:
[   13.119511]  domain 0: span 0,2 level SIBLING
[   13.119513]   groups: 2 (cpu_power = 589) 0 (cpu_power = 589)
[   13.119516]   domain 1: span 0-3 level MC
[   13.119518]    groups: 0,2 (cpu_power = 1178) 1,3 (cpu_power = 1178)
[   13.119521] CPU3 attaching sched-domain:
[   13.119523]  domain 0: span 1,3 level SIBLING
[   13.119524]   groups: 3 (cpu_power = 589) 1 (cpu_power = 589)
[   13.119528]   domain 1: span 0-3 level MC
[   13.119529]    groups: 1,3 (cpu_power = 1178) 0,2 (cpu_power = 1178)
[   13.173817] Bluetooth: RFCOMM TTY layer initialized
[   13.173821] Bluetooth: RFCOMM socket layer initialized
[   13.173823] Bluetooth: RFCOMM ver 1.11
[   14.755372] CPU0 attaching NULL sched-domain.
[   14.755377] CPU1 attaching NULL sched-domain.
[   14.755378] CPU2 attaching NULL sched-domain.
[   14.755380] CPU3 attaching NULL sched-domain.
[   14.779654] CPU0 attaching sched-domain:
[   14.779660]  domain 0: span 0,2 level SIBLING
[   14.779665]   groups: 0 (cpu_power = 589) 2 (cpu_power = 589)
[   14.779674]   domain 1: span 0-3 level MC
[   14.779677]    groups: 0,2 (cpu_power = 1178) 1,3 (cpu_power = 1178)
[   14.779691] CPU1 attaching sched-domain:
[   14.779692]  domain 0: span 1,3 level SIBLING
[   14.779694]   groups: 1 (cpu_power = 589) 3 (cpu_power = 589)
[   14.779697]   domain 1: span 0-3 level MC
[   14.779699]    groups: 1,3 (cpu_power = 1178) 0,2 (cpu_power = 1178)
[   14.779702] CPU2 attaching sched-domain:
[   14.779704]  domain 0: span 0,2 level SIBLING
[   14.779705]   groups: 2 (cpu_power = 589) 0 (cpu_power = 589)
[   14.779709]   domain 1: span 0-3 level MC
[   14.779710]    groups: 0,2 (cpu_power = 1178) 1,3 (cpu_power = 1178)
[   14.779714] CPU3 attaching sched-domain:
[   14.779715]  domain 0: span 1,3 level SIBLING
[   14.779717]   groups: 3 (cpu_power = 589) 1 (cpu_power = 589)
[   14.779720]   domain 1: span 0-3 level MC
[   14.779722]    groups: 1,3 (cpu_power = 1178) 0,2 (cpu_power = 1178)
[  175.729627] wlan0: deauthenticating from 00:1a:6d:6b:f7:a0 by local choice (reason=3)
[  175.729694] wlan0: direct probe to AP 00:1a:6d:6b:f7:a0 (try 1)
[  175.737535] wlan0: direct probe responded
[  175.737542] wlan0: authenticate with AP 00:1a:6d:6b:f7:a0 (try 1)
[  175.741224] wlan0: authenticated
[  175.741257] wlan0: associate with AP 00:1a:6d:6b:f7:a0 (try 1)
[  175.743425] wlan0: RX AssocResp from 00:1a:6d:6b:f7:a0 (capab=0x431 status=0 aid=116)
[  175.743428] wlan0: associated
[  175.745334] ADDRCONF(NETDEV_CHANGE): wlan0: link becomes ready
[  186.512570] wlan0: no IPv6 routers present
[ 2134.796225] [drm:i915_gem_madvise_ioctl] *ERROR* Attempted i915_gem_madvise_ioctl() on a pinned object
[ 2268.218117] [drm:i915_gem_madvise_ioctl] *ERROR* Attempted i915_gem_madvise_ioctl() on a pinned object
[ 2326.757712] [drm:i915_gem_madvise_ioctl] *ERROR* Attempted i915_gem_madvise_ioctl() on a pinned object
[ 2351.968236] CPU0 attaching NULL sched-domain.
[ 2351.968240] CPU1 attaching NULL sched-domain.
[ 2351.968241] CPU2 attaching NULL sched-domain.
[ 2351.968243] CPU3 attaching NULL sched-domain.
[ 2351.993718] CPU0 attaching sched-domain:
[ 2351.993724]  domain 0: span 0,2 level SIBLING
[ 2351.993728]   groups: 0 (cpu_power = 589) 2 (cpu_power = 589)
[ 2351.993737]   domain 1: span 0-3 level MC
[ 2351.993741]    groups: 0,2 (cpu_power = 1178) 1,3 (cpu_power = 1178)
[ 2351.993751] CPU1 attaching sched-domain:
[ 2351.993754]  domain 0: span 1,3 level SIBLING
[ 2351.993757]   groups: 1 (cpu_power = 589) 3 (cpu_power = 589)
[ 2351.993765]   domain 1: span 0-3 level MC
[ 2351.993768]    groups: 1,3 (cpu_power = 1178) 0,2 (cpu_power = 1178)
[ 2351.993777] CPU2 attaching sched-domain:
[ 2351.993780]  domain 0: span 0,2 level SIBLING
[ 2351.993783]   groups: 2 (cpu_power = 589) 0 (cpu_power = 589)
[ 2351.993791]   domain 1: span 0-3 level MC
[ 2351.993794]    groups: 0,2 (cpu_power = 1178) 1,3 (cpu_power = 1178)
[ 2351.993802] CPU3 attaching sched-domain:
[ 2351.993805]  domain 0: span 1,3 level SIBLING
[ 2351.993809]   groups: 3 (cpu_power = 589) 1 (cpu_power = 589)
[ 2351.993816]   domain 1: span 0-3 level MC
[ 2351.993819]    groups: 1,3 (cpu_power = 1178) 0,2 (cpu_power = 1178)
[ 2352.038281] Monitor-Mwait will be used to enter C-3 state
[ 2361.161267] CPU0 attaching NULL sched-domain.
[ 2361.161275] CPU1 attaching NULL sched-domain.
[ 2361.161278] CPU2 attaching NULL sched-domain.
[ 2361.161281] CPU3 attaching NULL sched-domain.
[ 2361.185775] CPU0 attaching sched-domain:
[ 2361.185780]  domain 0: span 0,2 level SIBLING
[ 2361.185784]   groups: 0 (cpu_power = 589) 2 (cpu_power = 589)
[ 2361.185791]   domain 1: span 0-3 level MC
[ 2361.185794]    groups: 0,2 (cpu_power = 1178) 1,3 (cpu_power = 1178)
[ 2361.185802] CPU1 attaching sched-domain:
[ 2361.185804]  domain 0: span 1,3 level SIBLING
[ 2361.185807]   groups: 1 (cpu_power = 589) 3 (cpu_power = 589)
[ 2361.185814]   domain 1: span 0-3 level MC
[ 2361.185816]    groups: 1,3 (cpu_power = 1178) 0,2 (cpu_power = 1178)
[ 2361.185823] CPU2 attaching sched-domain:
[ 2361.185826]  domain 0: span 0,2 level SIBLING
[ 2361.185828]   groups: 2 (cpu_power = 589) 0 (cpu_power = 589)
[ 2361.185834]   domain 1: span 0-3 level MC
[ 2361.185837]    groups: 0,2 (cpu_power = 1178) 1,3 (cpu_power = 1178)
[ 2361.185844] CPU3 attaching sched-domain:
[ 2361.185846]  domain 0: span 1,3 level SIBLING
[ 2361.185849]   groups: 3 (cpu_power = 589) 1 (cpu_power = 589)
[ 2361.185855]   domain 1: span 0-3 level MC
[ 2361.185858]    groups: 1,3 (cpu_power = 1178) 0,2 (cpu_power = 1178)
[ 2362.467011] wlan0: deauthenticating from 00:1a:6d:6b:f7:a0 by local choice (reason=3)
[ 2363.146991] PM: Syncing filesystems ... done.
[ 2363.213232] PM: Preparing system for mem sleep
[ 2363.213237] Freezing user space processes ... (elapsed 0.00 seconds) done.
[ 2363.213709] Freezing remaining freezable tasks ... (elapsed 0.00 seconds) done.
[ 2363.213743] PM: Entering mem sleep
[ 2363.213760] Suspending console(s) (use no_console_suspend to debug)
[ 2363.274579] btusb_intr_complete: hci0 urb f3185a00 failed to resubmit (1)
[ 2363.274738] btusb_bulk_complete: hci0 urb f3185900 failed to resubmit (1)
[ 2363.274868] btusb_bulk_complete: hci0 urb f3185980 failed to resubmit (1)
[ 2363.352962] sd 0:0:0:0: [sda] Synchronizing SCSI cache
[ 2363.353363] sd 0:0:0:0: [sda] Stopping disk
[ 2364.351654] PM: suspend of drv:sd dev:0:0:0:0 complete after 1000.432 msecs
[ 2364.809616] PM: suspend of drv:psmouse dev:serio4 complete after 443.174 msecs
[ 2364.982119] PM: suspend of drv:atkbd dev:serio0 complete after 172.790 msecs
[ 2365.089980] PM: suspend of drv:tpm_tis dev:00:03 complete after 106.938 msecs
[ 2365.089984] ACPI handle has no context!
[ 2365.092096] ACPI handle has no context!
[ 2365.105999] ACPI handle has no context!
[ 2365.106009] sdhci-pci 0000:48:03.2: PCI INT A disabled
[ 2365.106017] ACPI handle has no context!
[ 2365.201753] ehci_hcd 0000:00:1d.0: PCI INT A disabled
[ 2365.409751] HDA Intel 0000:00:1b.0: PCI INT A disabled
[ 2365.425355] PM: suspend of drv:HDA Intel dev:0000:00:1b.0 complete after 223.981 msecs
[ 2365.425367] ehci_hcd 0000:00:1a.0: PCI INT A disabled
[ 2365.575837] e1000e 0000:00:19.0: PCI INT A disabled
[ 2365.575842] e1000e 0000:00:19.0: PME# enabled
[ 2365.575914] e1000e 0000:00:19.0: wake-up capability enabled by ACPI
[ 2365.589092] PM: suspend of drv:e1000e dev:0000:00:19.0 complete after 164.004 msecs
[ 2365.634549] PM: suspend of devices complete after 2424.818 msecs
[ 2365.634553] PM: suspend devices took 2.424 seconds
[ 2365.664917] PM: late suspend of devices complete after 30.413 msecs
[ 2365.665131] ACPI: Preparing to enter system sleep state S3
[ 2365.682330] Disabling non-boot CPUs ...
[ 2365.682348] CPU0 attaching NULL sched-domain.
[ 2365.682351] CPU1 attaching NULL sched-domain.
[ 2365.682353] CPU2 attaching NULL sched-domain.
[ 2365.682355] CPU3 attaching NULL sched-domain.
[ 2365.746221] CPU0 attaching NULL sched-domain.
[ 2365.747388] Breaking affinity for irq 25
[ 2365.848556] CPU 1 is now offline
[ 2365.850290] Breaking affinity for irq 26
[ 2365.850327] Breaking affinity for irq 31
[ 2365.851505] CPU 2 is now offline
[ 2365.853081] Breaking affinity for irq 4
[ 2365.853105] Breaking affinity for irq 12
[ 2365.853126] Breaking affinity for irq 21
[ 2365.853141] Breaking affinity for irq 27
[ 2365.853174] Breaking affinity for irq 31
[ 2365.854229] CPU 3 is now offline
[ 2365.854230] SMP alternatives: switching to UP code
[ 2365.858882] Extended CMOS year: 2000
[1266874875.134322] Back to C!
[1266874875.134571] CPU0: Thermal monitoring handled by SMI
[1266874875.134630] Extended CMOS year: 2000
[1266874875.134671] Enabling non-boot CPUs ...
[1266874875.134815] SMP alternatives: switching to SMP code
[1266874875.139014] Booting processor 1 APIC 0x4 ip 0x6000
[1266874875.149069] Initializing CPU#1
[1266874875.228114] CPU: Physical Processor ID: 0
[1266874875.228115] CPU: Processor Core ID: 2
[1266874875.228118] CPU: L1 I cache: 32K, L1 D cache: 32K
[1266874875.228119] CPU: L2 cache: 256K
[1266874875.228120] CPU: L3 cache: 3072K
[1266874875.228131] CPU1: Thermal monitoring handled by SMI
[1266874875.228134] CPU 1 MCA banks CMCI:6
[1266874875.228186] CPU1: Intel(R) Core(TM) i5 CPU       M 450  @ 2.40GHz stepping 05
[1266874875.228195] checking TSC synchronization [CPU#0 -> CPU#1]: passed.
[1266874875.248230] CPU0 attaching NULL sched-domain.
[1266874875.276031] CPU0 attaching sched-domain:
[1266874875.276033]  domain 0: span 0-1 level MC
[1266874875.276035]   groups: 0 1
[1266874875.276038] CPU1 attaching sched-domain:
[1266874875.276039]  domain 0: span 0-1 level MC
[1266874875.276040]   groups: 1 0
[1266874875.276455] hpet: hpet3 irq 25 for MSI
[1266874875.276460] CPU1 is up
[1266874875.276617] Booting processor 2 APIC 0x1 ip 0x6000
[1266874875.286759] Initializing CPU#2
[1266874875.363877] CPU: Physical Processor ID: 0
[1266874875.363879] CPU: Processor Core ID: 0
[1266874875.363882] CPU: L1 I cache: 32K, L1 D cache: 32K
[1266874875.363884] CPU: L2 cache: 256K
[1266874875.363885] CPU: L3 cache: 3072K
[1266874875.363896] CPU2: Thermal monitoring handled by SMI
[1266874875.363900] CPU 2 MCA banks CMCI:2 CMCI:3 CMCI:5 SHD:6
[1266874875.363912] CPU2: Intel(R) Core(TM) i5 CPU       M 450  @ 2.40GHz stepping 05
[1266874875.363924] checking TSC synchronization [CPU#0 -> CPU#2]: passed.
[1266874875.383961] CPU0 attaching NULL sched-domain.
[1266874875.383964] CPU1 attaching NULL sched-domain.
[1266874875.435755] CPU0 attaching sched-domain:
[1266874875.435758]  domain 0: span 0,2 level SIBLING
[1266874875.435761]   groups: 0 (cpu_power = 589) 2 (cpu_power = 589)
[1266874875.435766]   domain 1: span 0-2 level MC
[1266874875.435768]    groups: 0,2 (cpu_power = 1178) 1
[1266874875.435773] CPU1 attaching sched-domain:
[1266874875.435775]  domain 0: span 0-2 level MC
[1266874875.435777]   groups: 1 0,2 (cpu_power = 1178)
[1266874875.435781] CPU2 attaching sched-domain:
[1266874875.435783]  domain 0: span 0,2 level SIBLING
[1266874875.435785]   groups: 2 (cpu_power = 589) 0 (cpu_power = 589)
[1266874875.435790]   domain 1: span 0-2 level MC
[1266874875.435792]    groups: 0,2 (cpu_power = 1178) 1
[1266874875.436536] hpet: hpet4 irq 26 for MSI
[1266874875.436542] CPU2 is up
[1266874875.436737] Booting processor 3 APIC 0x5 ip 0x6000
[1266874875.446882] Initializing CPU#3
[1266874875.527593] CPU: Physical Processor ID: 0
[1266874875.527595] CPU: Processor Core ID: 2
[1266874875.527598] CPU: L1 I cache: 32K, L1 D cache: 32K
[1266874875.527600] CPU: L2 cache: 256K
[1266874875.527601] CPU: L3 cache: 3072K
[1266874875.527613] CPU3: Thermal monitoring handled by SMI
[1266874875.527617] CPU 3 MCA banks CMCI:2 CMCI:3 CMCI:5 SHD:6
[1266874875.527699] CPU3: Intel(R) Core(TM) i5 CPU       M 450  @ 2.40GHz stepping 05
[1266874875.527713] checking TSC synchronization [CPU#0 -> CPU#3]: passed.
[1266874875.547763] CPU0 attaching NULL sched-domain.
[1266874875.547766] CPU1 attaching NULL sched-domain.
[1266874875.547768] CPU2 attaching NULL sched-domain.
[1266874875.595479] CPU0 attaching sched-domain:
[1266874875.595482]  domain 0: span 0,2 level SIBLING
[1266874875.595485]   groups: 0 (cpu_power = 589) 2 (cpu_power = 589)
[1266874875.595490]   domain 1: span 0-3 level MC
[1266874875.595492]    groups: 0,2 (cpu_power = 1178) 1,3 (cpu_power = 1178)
[1266874875.595498] CPU1 attaching sched-domain:
[1266874875.595500]  domain 0: span 1,3 level SIBLING
[1266874875.595502]   groups: 1 (cpu_power = 589) 3 (cpu_power = 589)
[1266874875.595507]   domain 1: span 0-3 level MC
[1266874875.595509]    groups: 1,3 (cpu_power = 1178) 0,2 (cpu_power = 1178)
[1266874875.595515] CPU2 attaching sched-domain:
[1266874875.595517]  domain 0: span 0,2 level SIBLING
[1266874875.595519]   groups: 2 (cpu_power = 589) 0 (cpu_power = 589)
[1266874875.595524]   domain 1: span 0-3 level MC
[1266874875.595526]    groups: 0,2 (cpu_power = 1178) 1,3 (cpu_power = 1178)
[1266874875.595532] CPU3 attaching sched-domain:
[1266874875.595534]  domain 0: span 1,3 level SIBLING
[1266874875.595536]   groups: 3 (cpu_power = 589) 1 (cpu_power = 589)
[1266874875.595541]   domain 1: span 0-3 level MC
[1266874875.595543]    groups: 1,3 (cpu_power = 1178) 0,2 (cpu_power = 1178)
[1266874875.596474] hpet: hpet5 irq 27 for MSI
[1266874875.596481] CPU3 is up
[1266874875.598040] ACPI: Waking up from system sleep state S3
[1266874875.602189] agpgart-intel 0000:00:00.0: restoring config space at offset 0x1 (was 0x20900006, writing 0xa0900006)
[1266874875.602200] i915 0000:00:02.0: restoring config space at offset 0xf (was 0x100, writing 0x10a)
[1266874875.602205] i915 0000:00:02.0: restoring config space at offset 0x8 (was 0x1, writing 0x1801)
[1266874875.602207] i915 0000:00:02.0: restoring config space at offset 0x6 (was 0xc, writing 0xd000000c)
[1266874875.602210] i915 0000:00:02.0: restoring config space at offset 0x4 (was 0x4, writing 0xf2000004)
[1266874875.602214] i915 0000:00:02.0: restoring config space at offset 0x1 (was 0x900000, writing 0x900407)
[1266874875.602295] e1000e 0000:00:19.0: restoring config space at offset 0x1 (was 0x100003, writing 0x100007)
[1266874875.602324] ehci_hcd 0000:00:1a.0: restoring config space at offset 0xf (was 0x100, writing 0x10b)
[1266874875.602341] ehci_hcd 0000:00:1a.0: restoring config space at offset 0x4 (was 0x0, writing 0xf2828000)
[1266874875.602348] ehci_hcd 0000:00:1a.0: restoring config space at offset 0x1 (was 0x2900000, writing 0x2900002)
[1266874875.602381] HDA Intel 0000:00:1b.0: restoring config space at offset 0xf (was 0x100, writing 0x10a)
[1266874875.602398] HDA Intel 0000:00:1b.0: restoring config space at offset 0x4 (was 0x4, writing 0xf2820004)
[1266874875.602403] HDA Intel 0000:00:1b.0: restoring config space at offset 0x3 (was 0x0, writing 0x10)
[1266874875.602409] HDA Intel 0000:00:1b.0: restoring config space at offset 0x1 (was 0x100000, writing 0x100002)
[1266874875.602441] pcieport 0000:00:1c.0: restoring config space at offset 0xf (was 0x100, writing 0x4010a)
[1266874875.602452] pcieport 0000:00:1c.0: restoring config space at offset 0x9 (was 0x10001, writing 0xc411c401)
[1266874875.602457] pcieport 0000:00:1c.0: restoring config space at offset 0x8 (was 0x0, writing 0xf1f0f000)
[1266874875.602461] pcieport 0000:00:1c.0: restoring config space at offset 0x7 (was 0x20000000, writing 0x2020)
[1266874875.602465] pcieport 0000:00:1c.0: restoring config space at offset 0x6 (was 0x0, writing 0xf0800)
[1266874875.602473] pcieport 0000:00:1c.0: restoring config space at offset 0x3 (was 0x810000, writing 0x810010)
[1266874875.602479] pcieport 0000:00:1c.0: restoring config space at offset 0x1 (was 0x100000, writing 0x100407)
[1266874875.602526] pcieport 0000:00:1c.1: restoring config space at offset 0xf (was 0x200, writing 0x4020b)
[1266874875.602536] pcieport 0000:00:1c.1: restoring config space at offset 0x9 (was 0x10001, writing 0xc431c421)
[1266874875.602541] pcieport 0000:00:1c.1: restoring config space at offset 0x8 (was 0x0, writing 0xf240f240)
[1266874875.602546] pcieport 0000:00:1c.1: restoring config space at offset 0x7 (was 0x0, writing 0x3030)
[1266874875.602550] pcieport 0000:00:1c.1: restoring config space at offset 0x6 (was 0x0, writing 0x171000)
[1266874875.602557] pcieport 0000:00:1c.1: restoring config space at offset 0x3 (was 0x810000, writing 0x810010)
[1266874875.602563] pcieport 0000:00:1c.1: restoring config space at offset 0x1 (was 0x100000, writing 0x100407)
[1266874875.602607] ehci_hcd 0000:00:1d.0: restoring config space at offset 0xf (was 0x100, writing 0x10b)
[1266874875.602625] ehci_hcd 0000:00:1d.0: restoring config space at offset 0x4 (was 0x0, writing 0xf2828400)
[1266874875.602633] ehci_hcd 0000:00:1d.0: restoring config space at offset 0x1 (was 0x2900000, writing 0x2900002)
[1266874875.602656] pci 0000:00:1e.0: restoring config space at offset 0xf (was 0x40000, writing 0x400ff)
[1266874875.602667] pci 0000:00:1e.0: restoring config space at offset 0x9 (was 0x10001, writing 0xc3f1c001)
[1266874875.602672] pci 0000:00:1e.0: restoring config space at offset 0x8 (was 0x0, writing 0xf250f250)
[1266874875.602676] pci 0000:00:1e.0: restoring config space at offset 0x7 (was 0x22800000, writing 0xa2804040)
[1266874875.602681] pci 0000:00:1e.0: restoring config space at offset 0x6 (was 0x20494800, writing 0x204c4800)
[1266874875.602691] pci 0000:00:1e.0: restoring config space at offset 0x1 (was 0x100000, writing 0x100007)
[1266874875.602749] ahci 0000:00:1f.2: restoring config space at offset 0xf (was 0x200, writing 0x207)
[1266874875.602770] ahci 0000:00:1f.2: restoring config space at offset 0x1 (was 0x2b00007, writing 0x2b00407)
[1266874875.602836] pci 0000:00:1f.6: restoring config space at offset 0xf (was 0x200, writing 0x207)
[1266874875.602858] pci 0000:00:1f.6: restoring config space at offset 0x1 (was 0x100000, writing 0x100002)
[1266874875.602930] iwlagn 0000:10:00.0: restoring config space at offset 0xf (was 0x100, writing 0x10a)
[1266874875.602988] iwlagn 0000:10:00.0: restoring config space at offset 0x4 (was 0x4, writing 0xf2400004)
[1266874875.603015] iwlagn 0000:10:00.0: restoring config space at offset 0x3 (was 0x0, writing 0x10)
[1266874875.603045] iwlagn 0000:10:00.0: restoring config space at offset 0x1 (was 0x100000, writing 0x100006)
[1266874875.603143] yenta_cardbus 0000:48:03.0: restoring config space at offset 0xf (was 0xc00100, writing 0x5c0010a)
[1266874875.603147] yenta_cardbus 0000:48:03.0: restoring config space at offset 0xe (was 0x1, writing 0x44fd)
[1266874875.603152] yenta_cardbus 0000:48:03.0: restoring config space at offset 0xd (was 0x1, writing 0x4401)
[1266874875.603157] yenta_cardbus 0000:48:03.0: restoring config space at offset 0xc (was 0x1, writing 0x40fd)
[1266874875.603161] yenta_cardbus 0000:48:03.0: restoring config space at offset 0xb (was 0x1, writing 0x4001)
[1266874875.603166] yenta_cardbus 0000:48:03.0: restoring config space at offset 0xa (was 0x0, writing 0xcbfff000)
[1266874875.603171] yenta_cardbus 0000:48:03.0: restoring config space at offset 0x9 (was 0x0, writing 0xc8000000)
[1266874875.603175] yenta_cardbus 0000:48:03.0: restoring config space at offset 0x8 (was 0x0, writing 0xc3fff000)
[1266874875.603180] yenta_cardbus 0000:48:03.0: restoring config space at offset 0x7 (was 0x0, writing 0xc0000000)
[1266874875.603185] yenta_cardbus 0000:48:03.0: restoring config space at offset 0x6 (was 0x0, writing 0xb04c4948)
[1266874875.603191] yenta_cardbus 0000:48:03.0: restoring config space at offset 0x4 (was 0x0, writing 0xf2503000)
[1266874875.603195] yenta_cardbus 0000:48:03.0: restoring config space at offset 0x3 (was 0x824000, writing 0x82a800)
[1266874875.603202] yenta_cardbus 0000:48:03.0: restoring config space at offset 0x1 (was 0x4100080, writing 0x4100087)
[1266874875.603225] yenta_cardbus 0000:48:03.0: O2: res at 0x94/0xD4: 00/ea
[1266874875.603226] yenta_cardbus 0000:48:03.0: O2: enabling read prefetch/write burst
[1266874875.619445] sdhci-pci 0000:48:03.2: restoring config space at offset 0xf (was 0x1ff, writing 0x10a)
[1266874875.619468] sdhci-pci 0000:48:03.2: restoring config space at offset 0x3 (was 0x0, writing 0x2010)
[1266874875.619475] sdhci-pci 0000:48:03.2: restoring config space at offset 0x1 (was 0x4100000, writing 0x4100006)
[1266874875.619497] pci 0000:48:03.3: restoring config space at offset 0xf (was 0x1ff, writing 0x10a)
[1266874875.619516] pci 0000:48:03.3: restoring config space at offset 0x4 (was 0x0, writing 0xf2501000)
[1266874875.619522] pci 0000:48:03.3: restoring config space at offset 0x3 (was 0x0, writing 0x2010)
[1266874875.619530] pci 0000:48:03.3: restoring config space at offset 0x1 (was 0x4100000, writing 0x4100002)
[1266874875.635421] ohci1394 0000:48:03.4: restoring config space at offset 0xf (was 0x100, writing 0x10a)
[1266874875.635443] ohci1394 0000:48:03.4: restoring config space at offset 0x3 (was 0x0, writing 0x2010)
[1266874875.635450] ohci1394 0000:48:03.4: restoring config space at offset 0x1 (was 0x2100080, writing 0x2180017)
[1266874875.635547] PM: early resume of devices complete after 33.439 msecs
[1266874875.718022] i915 0000:00:02.0: setting latency timer to 64
[1266874875.768755] e1000e 0000:00:19.0: PCI INT A -> GSI 17 (level, low) -> IRQ 17
[1266874875.768759] e1000e 0000:00:19.0: setting latency timer to 64
[1266874875.768835] e1000e 0000:00:19.0: wake-up capability disabled by ACPI
[1266874875.768839] e1000e 0000:00:19.0: PME# disabled
[1266874875.768879] e1000e 0000:00:19.0: irq 31 for MSI/MSI-X
[1266874876.014614] PM: resume of drv:e1000e dev:0000:00:19.0 complete after 246.307 msecs
[1266874876.014622] ehci_hcd 0000:00:1a.0: PCI INT A -> GSI 22 (level, low) -> IRQ 22
[1266874876.014629] ehci_hcd 0000:00:1a.0: setting latency timer to 64
[1266874876.014639] HDA Intel 0000:00:1b.0: PCI INT A -> GSI 21 (level, low) -> IRQ 21
[1266874876.014645] HDA Intel 0000:00:1b.0: setting latency timer to 64
[1266874876.014670] ehci_hcd 0000:00:1d.0: PCI INT A -> GSI 22 (level, low) -> IRQ 22
[1266874876.014675] ehci_hcd 0000:00:1d.0: setting latency timer to 64
[1266874876.014712] pci 0000:00:1e.0: setting latency timer to 64
[1266874876.014724] ahci 0000:00:1f.2: setting latency timer to 64
[1266874876.154514] PM: resume of drv:yenta_cardbus dev:0000:48:03.0 complete after 139.890 msecs
[1266874876.154525] sdhci-pci 0000:48:03.2: PCI INT A -> GSI 16 (level, low) -> IRQ 16
[1266874876.211478] ohci1394: fw-host0: OHCI-1394 1.1 (PCI): IRQ=[16]  MMIO=[f2502000-f25027ff]  Max Packet=[2048]  IR/IT contexts=[8/8]
[1266874876.342245] ata2: SATA link down (SStatus 0 SControl 300)
[1266874876.350223] ata5: SATA link down (SStatus 0 SControl 300)
[1266874876.374140] PM: resume of drv:usb dev:2-1 complete after 101.730 msecs
[1266874876.374150] sd 0:0:0:0: [sda] Starting disk
[1266874877.116898] ata1: SATA link up 3.0 Gbps (SStatus 123 SControl 300)
[1266874877.137175] ata1.00: ACPI cmd ef/10:03:00:00:00:a0 (SET FEATURES) filtered out
[1266874877.137177] ata1.00: ACPI cmd f5/00:00:00:00:00:a0 (SECURITY FREEZE LOCK) filtered out
[1266874877.139440] ata1.00: ACPI cmd ef/10:03:00:00:00:a0 (SET FEATURES) filtered out
[1266874877.139443] ata1.00: ACPI cmd f5/00:00:00:00:00:a0 (SECURITY FREEZE LOCK) filtered out
[1266874877.139791] ata1.00: configured for UDMA/133
[1266874877.177047] PM: resume of drv:sd dev:0:0:0:0 complete after 804.292 msecs
[1266874877.248793] usb 2-1.1: reset full speed USB device using ehci_hcd and address 3
[1266874877.341253] PM: resume of drv:usb dev:2-1.1 complete after 164.478 msecs
[1266874877.412508] usb 2-1.3: reset high speed USB device using ehci_hcd and address 4
[1266874877.565509] PM: resume of drv:usb dev:2-1.3 complete after 224.637 msecs
[1266874877.636123] usb 2-1.4: reset full speed USB device using ehci_hcd and address 5
[1266874877.779015] btusb 2-1.4:1.0: no reset_resume for driver btusb?
[1266874877.779019] btusb 2-1.4:1.1: no reset_resume for driver btusb?
[1266874878.027412] PM: resume of drv:usb dev:2-1.4 complete after 462.696 msecs
[1266874878.027508] PM: resume of devices complete after 2396.023 msecs
[1266874878.027667] PM: resume devices took 2.396 seconds
[1266874878.027700] PM: Finishing wakeup.
[1266874878.027701] Restarting tasks ... done.
[1266874878.423318] e1000e 0000:00:19.0: irq 31 for MSI/MSI-X
[1266874878.479069] e1000e 0000:00:19.0: irq 31 for MSI/MSI-X
[1266874878.479491] ADDRCONF(NETDEV_UP): eth0: link is not ready
[1266874878.547163] Registered led device: iwl-phy0::radio
[1266874878.547242] Registered led device: iwl-phy0::assoc
[1266874878.547316] Registered led device: iwl-phy0::RX
[1266874878.547692] Registered led device: iwl-phy0::TX
[1266874878.579506] ADDRCONF(NETDEV_UP): wlan0: link is not ready
[1266874878.858927] CPU0 attaching NULL sched-domain.
[1266874878.858935] CPU1 attaching NULL sched-domain.
[1266874878.858939] CPU2 attaching NULL sched-domain.
[1266874878.858942] CPU3 attaching NULL sched-domain.
[1266874878.863775] psmouse serio4: ID: 73 02 64
[1266874878.886852] CPU0 attaching sched-domain:
[1266874878.886858]  domain 0: span 0,2 level SIBLING
[1266874878.886862]   groups: 0 (cpu_power = 589) 2 (cpu_power = 589)
[1266874878.886871]   domain 1: span 0-3 level MC
[1266874878.886874]    groups: 0,2 (cpu_power = 1178) 1,3 (cpu_power = 1178)
[1266874878.886884] CPU1 attaching sched-domain:
[1266874878.886887]  domain 0: span 1,3 level SIBLING
[1266874878.886891]   groups: 1 (cpu_power = 589) 3 (cpu_power = 589)
[1266874878.886898]   domain 1: span 0-3 level MC
[1266874878.886902]    groups: 1,3 (cpu_power = 1178) 0,2 (cpu_power = 1178)
[1266874878.886911] CPU2 attaching sched-domain:
[1266874878.886914]  domain 0: span 0,2 level SIBLING
[1266874878.886917]   groups: 2 (cpu_power = 589) 0 (cpu_power = 589)
[1266874878.886925]   domain 1: span 0-3 level MC
[1266874878.886928]    groups: 0,2 (cpu_power = 1178) 1,3 (cpu_power = 1178)
[1266874878.886937] CPU3 attaching sched-domain:
[1266874878.886940]  domain 0: span 1,3 level SIBLING
[1266874878.886943]   groups: 3 (cpu_power = 589) 1 (cpu_power = 589)
[1266874878.886951]   domain 1: span 0-3 level MC
[1266874878.886954]    groups: 1,3 (cpu_power = 1178) 0,2 (cpu_power = 1178)
[1266874879.336408] CPU0 attaching NULL sched-domain.
[1266874879.336413] CPU1 attaching NULL sched-domain.
[1266874879.336416] CPU2 attaching NULL sched-domain.
[1266874879.336418] CPU3 attaching NULL sched-domain.
[1266874879.362008] CPU0 attaching sched-domain:
[1266874879.362014]  domain 0: span 0,2 level SIBLING
[1266874879.362018]   groups: 0 (cpu_power = 589) 2 (cpu_power = 589)
[1266874879.362027]   domain 1: span 0-3 level MC
[1266874879.362031]    groups: 0,2 (cpu_power = 1178) 1,3 (cpu_power = 1178)
[1266874879.362042] CPU1 attaching sched-domain:
[1266874879.362045]  domain 0: span 1,3 level SIBLING
[1266874879.362048]   groups: 1 (cpu_power = 589) 3 (cpu_power = 589)
[1266874879.362056]   domain 1: span 0-3 level MC
[1266874879.362059]    groups: 1,3 (cpu_power = 1178) 0,2 (cpu_power = 1178)
[1266874879.362068] CPU2 attaching sched-domain:
[1266874879.362071]  domain 0: span 0,2 level SIBLING
[1266874879.362075]   groups: 2 (cpu_power = 589) 0 (cpu_power = 589)
[1266874879.362083]   domain 1: span 0-3 level MC
[1266874879.362086]    groups: 0,2 (cpu_power = 1178) 1,3 (cpu_power = 1178)
[1266874879.362095] CPU3 attaching sched-domain:
[1266874879.362097]  domain 0: span 1,3 level SIBLING
[1266874879.362101]   groups: 3 (cpu_power = 589) 1 (cpu_power = 589)
[1266874879.362108]   domain 1: span 0-3 level MC
[1266874879.362112]    groups: 1,3 (cpu_power = 1178) 0,2 (cpu_power = 1178)
[  271.427547] wlan0: deauthenticating from 00:25:9c:27:32:f7 by local choice (reason=3)
[  271.489415] wlan0: direct probe to AP 00:25:9c:27:32:f7 (try 1)
[  271.495800] wlan0: direct probe responded
[  271.495805] wlan0: authenticate with AP 00:25:9c:27:32:f7 (try 1)
[  271.497575] wlan0: authenticated
[  271.497597] wlan0: associate with AP 00:25:9c:27:32:f7 (try 1)
[  271.499711] wlan0: RX AssocResp from 00:25:9c:27:32:f7 (capab=0x421 status=0 aid=1)
[  271.499715] wlan0: associated
[  271.511633] ADDRCONF(NETDEV_CHANGE): wlan0: link becomes ready
[  281.883480] wlan0: no IPv6 routers present
[  302.769948] CPU0 attaching NULL sched-domain.
[  302.769955] CPU1 attaching NULL sched-domain.
[  302.769959] CPU2 attaching NULL sched-domain.
[  302.769962] CPU3 attaching NULL sched-domain.
[  302.800192] CPU0 attaching sched-domain:
[  302.800197]  domain 0: span 0,2 level SIBLING
[  302.800201]   groups: 0 (cpu_power = 589) 2 (cpu_power = 589)
[  302.800210]   domain 1: span 0-3 level MC
[  302.800213]    groups: 0,2 (cpu_power = 1178) 1,3 (cpu_power = 1178)
[  302.800223] CPU1 attaching sched-domain:
[  302.800226]  domain 0: span 1,3 level SIBLING
[  302.800230]   groups: 1 (cpu_power = 589) 3 (cpu_power = 589)
[  302.800237]   domain 1: span 0-3 level MC
[  302.800240]    groups: 1,3 (cpu_power = 1178) 0,2 (cpu_power = 1178)
[  302.800249] CPU2 attaching sched-domain:
[  302.800252]  domain 0: span 0,2 level SIBLING
[  302.800255]   groups: 2 (cpu_power = 589) 0 (cpu_power = 589)
[  302.800263]   domain 1: span 0-3 level MC
[  302.800266]    groups: 0,2 (cpu_power = 1178) 1,3 (cpu_power = 1178)
[  302.800275] CPU3 attaching sched-domain:
[  302.800277]  domain 0: span 1,3 level SIBLING
[  302.800281]   groups: 3 (cpu_power = 589) 1 (cpu_power = 589)
[  302.800288]   domain 1: span 0-3 level MC
[  302.800291]    groups: 1,3 (cpu_power = 1178) 0,2 (cpu_power = 1178)
[  303.898416] CPU0 attaching NULL sched-domain.
[  303.898423] CPU1 attaching NULL sched-domain.
[  303.898426] CPU2 attaching NULL sched-domain.
[  303.898430] CPU3 attaching NULL sched-domain.
[  303.970694] CPU0 attaching sched-domain:
[  303.970699]  domain 0: span 0,2 level SIBLING
[  303.970704]   groups: 0 (cpu_power = 589) 2 (cpu_power = 589)
[  303.970713]   domain 1: span 0-3 level MC
[  303.970716]    groups: 0,2 (cpu_power = 1178) 1,3 (cpu_power = 1178)
[  303.970726] CPU1 attaching sched-domain:
[  303.970729]  domain 0: span 1,3 level SIBLING
[  303.970732]   groups: 1 (cpu_power = 589) 3 (cpu_power = 589)
[  303.970740]   domain 1: span 0-3 level MC
[  303.970743]    groups: 1,3 (cpu_power = 1178) 0,2 (cpu_power = 1178)
[  303.970752] CPU2 attaching sched-domain:
[  303.970755]  domain 0: span 0,2 level SIBLING
[  303.970758]   groups: 2 (cpu_power = 589) 0 (cpu_power = 589)
[  303.970765]   domain 1: span 0-3 level MC
[  303.970769]    groups: 0,2 (cpu_power = 1178) 1,3 (cpu_power = 1178)
[  303.970777] CPU3 attaching sched-domain:
[  303.970780]  domain 0: span 1,3 level SIBLING
[  303.970783]   groups: 3 (cpu_power = 589) 1 (cpu_power = 589)
[  303.970791]   domain 1: span 0-3 level MC
[  303.970794]    groups: 1,3 (cpu_power = 1178) 0,2 (cpu_power = 1178)
[  304.804674] wlan0: deauthenticating from 00:25:9c:27:32:f7 by local choice (reason=3)
[  305.424322] PM: Syncing filesystems ... done.
[  305.488028] PM: Preparing system for mem sleep
[  305.488033] Freezing user space processes ... (elapsed 0.00 seconds) done.
[  305.488506] Freezing remaining freezable tasks ... (elapsed 0.00 seconds) done.
[  305.488572] PM: Entering mem sleep
[  305.488589] Suspending console(s) (use no_console_suspend to debug)
[  305.550362] btusb_intr_complete: hci0 urb f33c7200 failed to resubmit (1)
[  305.550455] btusb_bulk_complete: hci0 urb f33c7c80 failed to resubmit (1)
[  305.550706] btusb_bulk_complete: hci0 urb f33c7a00 failed to resubmit (1)
[  305.626251] sd 0:0:0:0: [sda] Synchronizing SCSI cache
[  305.626661] sd 0:0:0:0: [sda] Stopping disk
[  306.624601] PM: suspend of drv:sd dev:0:0:0:0 complete after 1000.087 msecs
[  307.080337] PM: suspend of drv:psmouse dev:serio4 complete after 440.601 msecs
[  307.558880] PM: suspend of drv:atkbd dev:serio0 complete after 479.361 msecs
[  307.654760] ACPI handle has no context!
[  307.656822] ACPI handle has no context!
[  307.670791] ACPI handle has no context!
[  307.670802] sdhci-pci 0000:48:03.2: PCI INT A disabled
[  307.670809] ACPI handle has no context!
[  307.766534] ehci_hcd 0000:00:1d.0: PCI INT A disabled
[  307.870459] HDA Intel 0000:00:1b.0: PCI INT A disabled
[  307.886318] PM: suspend of drv:HDA Intel dev:0000:00:1b.0 complete after 119.982 msecs
[  307.886329] ehci_hcd 0000:00:1a.0: PCI INT A disabled
[  308.036568] e1000e 0000:00:19.0: PCI INT A disabled
[  308.036574] e1000e 0000:00:19.0: PME# enabled
[  308.036644] e1000e 0000:00:19.0: wake-up capability enabled by ACPI
[  308.050060] PM: suspend of drv:e1000e dev:0000:00:19.0 complete after 164.009 msecs
[  308.070055] PM: suspend of devices complete after 2585.772 msecs
[  308.070059] PM: suspend devices took 2.588 seconds
[  308.101928] PM: late suspend of devices complete after 31.920 msecs
[  308.102145] ACPI: Preparing to enter system sleep state S3
[  308.133808] Disabling non-boot CPUs ...
[  308.133827] CPU0 attaching NULL sched-domain.
[  308.133829] CPU1 attaching NULL sched-domain.
[  308.133831] CPU2 attaching NULL sched-domain.
[  308.133833] CPU3 attaching NULL sched-domain.
[  308.197700] CPU0 attaching NULL sched-domain.
[  308.198863] Breaking affinity for irq 25
[  308.199965] CPU 1 is now offline
[  308.201679] Breaking affinity for irq 26
[  308.202914] CPU 2 is now offline
[  308.204417] Breaking affinity for irq 1
[  308.204424] Breaking affinity for irq 4
[  308.204439] Breaking affinity for irq 9
[  308.204449] Breaking affinity for irq 12
[  308.204470] Breaking affinity for irq 21
[  308.204474] Breaking affinity for irq 22
[  308.204487] Breaking affinity for irq 27
[  308.204510] Breaking affinity for irq 30
[  308.204565] Breaking affinity for irq 33
[  308.305516] CPU 3 is now offline
[  308.305519] SMP alternatives: switching to UP code
[  308.310196] Extended CMOS year: 2000
[1266874875.133337] Back to C!
[1266874875.133586] CPU0: Thermal monitoring handled by SMI
[1266874875.133645] Extended CMOS year: 2000
[1266874875.133687] Enabling non-boot CPUs ...
[1266874875.133830] SMP alternatives: switching to SMP code
[1266874875.138029] Booting processor 1 APIC 0x4 ip 0x6000
[1266874875.148084] Initializing CPU#1
[1266874875.228793] CPU: Physical Processor ID: 0
[1266874875.228794] CPU: Processor Core ID: 2
[1266874875.228797] CPU: L1 I cache: 32K, L1 D cache: 32K
[1266874875.228798] CPU: L2 cache: 256K
[1266874875.228799] CPU: L3 cache: 3072K
[1266874875.228810] CPU1: Thermal monitoring handled by SMI
[1266874875.228896] CPU1: Intel(R) Core(TM) i5 CPU       M 450  @ 2.40GHz stepping 05
[1266874875.228906] checking TSC synchronization [CPU#0 -> CPU#1]: passed.
[1266874875.248939] CPU0 attaching NULL sched-domain.
[1266874875.276708] CPU0 attaching sched-domain:
[1266874875.276711]  domain 0: span 0-1 level MC
[1266874875.276712]   groups: 0 1
[1266874875.276715] CPU1 attaching sched-domain:
[1266874875.276716]  domain 0: span 0-1 level MC
[1266874875.276717]   groups: 1 0
[1266874875.277133] hpet: hpet3 irq 25 for MSI
[1266874875.277137] CPU1 is up
[1266874875.277294] Booting processor 2 APIC 0x1 ip 0x6000
[1266874875.287435] Initializing CPU#2
[1266874875.364556] CPU: Physical Processor ID: 0
[1266874875.364557] CPU: Processor Core ID: 0
[1266874875.364561] CPU: L1 I cache: 32K, L1 D cache: 32K
[1266874875.364562] CPU: L2 cache: 256K
[1266874875.364564] CPU: L3 cache: 3072K
[1266874875.364575] CPU2: Thermal monitoring handled by SMI
[1266874875.364579] CPU 2 MCA banks CMCI:6
[1266874875.364593] CPU2: Intel(R) Core(TM) i5 CPU       M 450  @ 2.40GHz stepping 05
[1266874875.364606] checking TSC synchronization [CPU#0 -> CPU#2]: passed.
[1266874875.384643] CPU0 attaching NULL sched-domain.
[1266874875.384646] CPU1 attaching NULL sched-domain.
[1266874875.436434] CPU0 attaching sched-domain:
[1266874875.436437]  domain 0: span 0,2 level SIBLING
[1266874875.436440]   groups: 0 (cpu_power = 589) 2 (cpu_power = 589)
[1266874875.436445]   domain 1: span 0-2 level MC
[1266874875.436447]    groups: 0,2 (cpu_power = 1178) 1
[1266874875.436452] CPU1 attaching sched-domain:
[1266874875.436454]  domain 0: span 0-2 level MC
[1266874875.436456]   groups: 1 0,2 (cpu_power = 1178)
[1266874875.436460] CPU2 attaching sched-domain:
[1266874875.436462]  domain 0: span 0,2 level SIBLING
[1266874875.436464]   groups: 2 (cpu_power = 589) 0 (cpu_power = 589)
[1266874875.436469]   domain 1: span 0-2 level MC
[1266874875.436471]    groups: 0,2 (cpu_power = 1178) 1
[1266874875.437223] hpet: hpet4 irq 26 for MSI
[1266874875.437230] CPU2 is up
[1266874875.437431] Booting processor 3 APIC 0x5 ip 0x6000
[1266874875.447572] Initializing CPU#3
[1266874875.528273] CPU: Physical Processor ID: 0
[1266874875.528274] CPU: Processor Core ID: 2
[1266874875.528278] CPU: L1 I cache: 32K, L1 D cache: 32K
[1266874875.528280] CPU: L2 cache: 256K
[1266874875.528282] CPU: L3 cache: 3072K
[1266874875.528294] CPU3: Thermal monitoring handled by SMI
[1266874875.528298] CPU 3 MCA banks SHD:6
[1266874875.528403] CPU3: Intel(R) Core(TM) i5 CPU       M 450  @ 2.40GHz stepping 05
[1266874875.528417] checking TSC synchronization [CPU#0 -> CPU#3]: passed.
[1266874875.548466] CPU0 attaching NULL sched-domain.
[1266874875.548470] CPU1 attaching NULL sched-domain.
[1266874875.548472] CPU2 attaching NULL sched-domain.
[1266874875.596158] CPU0 attaching sched-domain:
[1266874875.596162]  domain 0: span 0,2 level SIBLING
[1266874875.596165]   groups: 0 (cpu_power = 589) 2 (cpu_power = 589)
[1266874875.596170]   domain 1: span 0-3 level MC
[1266874875.596172]    groups: 0,2 (cpu_power = 1178) 1,3 (cpu_power = 1178)
[1266874875.596178] CPU1 attaching sched-domain:
[1266874875.596180]  domain 0: span 1,3 level SIBLING
[1266874875.596182]   groups: 1 (cpu_power = 589) 3 (cpu_power = 589)
[1266874875.596187]   domain 1: span 0-3 level MC
[1266874875.596189]    groups: 1,3 (cpu_power = 1178) 0,2 (cpu_power = 1178)
[1266874875.596195] CPU2 attaching sched-domain:
[1266874875.596197]  domain 0: span 0,2 level SIBLING
[1266874875.596200]   groups: 2 (cpu_power = 589) 0 (cpu_power = 589)
[1266874875.596204]   domain 1: span 0-3 level MC
[1266874875.596206]    groups: 0,2 (cpu_power = 1178) 1,3 (cpu_power = 1178)
[1266874875.596212] CPU3 attaching sched-domain:
[1266874875.596214]  domain 0: span 1,3 level SIBLING
[1266874875.596216]   groups: 3 (cpu_power = 589) 1 (cpu_power = 589)
[1266874875.596221]   domain 1: span 0-3 level MC
[1266874875.596223]    groups: 1,3 (cpu_power = 1178) 0,2 (cpu_power = 1178)
[1266874875.597234] hpet: hpet5 irq 27 for MSI
[1266874875.597241] CPU3 is up
[1266874875.598824] ACPI: Waking up from system sleep state S3
[1266874875.602852] agpgart-intel 0000:00:00.0: restoring config space at offset 0x1 (was 0x20900006, writing 0x80900006)
[1266874875.602862] i915 0000:00:02.0: restoring config space at offset 0xf (was 0x100, writing 0x10a)
[1266874875.602867] i915 0000:00:02.0: restoring config space at offset 0x8 (was 0x1, writing 0x1801)
[1266874875.602870] i915 0000:00:02.0: restoring config space at offset 0x6 (was 0xc, writing 0xd000000c)
[1266874875.602873] i915 0000:00:02.0: restoring config space at offset 0x4 (was 0x4, writing 0xf2000004)
[1266874875.602876] i915 0000:00:02.0: restoring config space at offset 0x1 (was 0x900000, writing 0x900407)
[1266874875.602957] e1000e 0000:00:19.0: restoring config space at offset 0x1 (was 0x100003, writing 0x100007)
[1266874875.602986] ehci_hcd 0000:00:1a.0: restoring config space at offset 0xf (was 0x100, writing 0x10b)
[1266874875.603004] ehci_hcd 0000:00:1a.0: restoring config space at offset 0x4 (was 0x0, writing 0xf2828000)
[1266874875.603011] ehci_hcd 0000:00:1a.0: restoring config space at offset 0x1 (was 0x2900000, writing 0x2900002)
[1266874875.603043] HDA Intel 0000:00:1b.0: restoring config space at offset 0xf (was 0x100, writing 0x10a)
[1266874875.603061] HDA Intel 0000:00:1b.0: restoring config space at offset 0x4 (was 0x4, writing 0xf2820004)
[1266874875.603066] HDA Intel 0000:00:1b.0: restoring config space at offset 0x3 (was 0x0, writing 0x10)
[1266874875.603072] HDA Intel 0000:00:1b.0: restoring config space at offset 0x1 (was 0x100000, writing 0x100002)
[1266874875.603105] pcieport 0000:00:1c.0: restoring config space at offset 0xf (was 0x100, writing 0x4010a)
[1266874875.603116] pcieport 0000:00:1c.0: restoring config space at offset 0x9 (was 0x10001, writing 0xc411c401)
[1266874875.603121] pcieport 0000:00:1c.0: restoring config space at offset 0x8 (was 0x0, writing 0xf1f0f000)
[1266874875.603125] pcieport 0000:00:1c.0: restoring config space at offset 0x7 (was 0x20000000, writing 0x20002020)
[1266874875.603130] pcieport 0000:00:1c.0: restoring config space at offset 0x6 (was 0x0, writing 0xf0800)
[1266874875.603137] pcieport 0000:00:1c.0: restoring config space at offset 0x3 (was 0x810000, writing 0x810010)
[1266874875.603143] pcieport 0000:00:1c.0: restoring config space at offset 0x1 (was 0x100000, writing 0x100407)
[1266874875.603191] pcieport 0000:00:1c.1: restoring config space at offset 0xf (was 0x200, writing 0x4020b)
[1266874875.603202] pcieport 0000:00:1c.1: restoring config space at offset 0x9 (was 0x10001, writing 0xc431c421)
[1266874875.603207] pcieport 0000:00:1c.1: restoring config space at offset 0x8 (was 0x0, writing 0xf240f240)
[1266874875.603212] pcieport 0000:00:1c.1: restoring config space at offset 0x7 (was 0x0, writing 0x3030)
[1266874875.603217] pcieport 0000:00:1c.1: restoring config space at offset 0x6 (was 0x0, writing 0x171000)
[1266874875.603224] pcieport 0000:00:1c.1: restoring config space at offset 0x3 (was 0x810000, writing 0x810010)
[1266874875.603230] pcieport 0000:00:1c.1: restoring config space at offset 0x1 (was 0x100000, writing 0x100407)
[1266874875.603273] ehci_hcd 0000:00:1d.0: restoring config space at offset 0xf (was 0x100, writing 0x10b)
[1266874875.603291] ehci_hcd 0000:00:1d.0: restoring config space at offset 0x4 (was 0x0, writing 0xf2828400)
[1266874875.603298] ehci_hcd 0000:00:1d.0: restoring config space at offset 0x1 (was 0x2900000, writing 0x2900002)
[1266874875.603322] pci 0000:00:1e.0: restoring config space at offset 0xf (was 0x40000, writing 0x400ff)
[1266874875.603333] pci 0000:00:1e.0: restoring config space at offset 0x9 (was 0x10001, writing 0xc3f1c001)
[1266874875.603337] pci 0000:00:1e.0: restoring config space at offset 0x8 (was 0x0, writing 0xf250f250)
[1266874875.603341] pci 0000:00:1e.0: restoring config space at offset 0x7 (was 0x22800000, writing 0xa2804040)
[1266874875.603346] pci 0000:00:1e.0: restoring config space at offset 0x6 (was 0x20494800, writing 0x204c4800)
[1266874875.603357] pci 0000:00:1e.0: restoring config space at offset 0x1 (was 0x100000, writing 0x100007)
[1266874875.603415] ahci 0000:00:1f.2: restoring config space at offset 0xf (was 0x200, writing 0x207)
[1266874875.603436] ahci 0000:00:1f.2: restoring config space at offset 0x1 (was 0x2b00007, writing 0x2b00407)
[1266874875.603502] pci 0000:00:1f.6: restoring config space at offset 0xf (was 0x200, writing 0x207)
[1266874875.603523] pci 0000:00:1f.6: restoring config space at offset 0x1 (was 0x100000, writing 0x100002)
[1266874875.603596] iwlagn 0000:10:00.0: restoring config space at offset 0xf (was 0x100, writing 0x10a)
[1266874875.603655] iwlagn 0000:10:00.0: restoring config space at offset 0x4 (was 0x4, writing 0xf2400004)
[1266874875.603682] iwlagn 0000:10:00.0: restoring config space at offset 0x3 (was 0x0, writing 0x10)
[1266874875.603712] iwlagn 0000:10:00.0: restoring config space at offset 0x1 (was 0x100000, writing 0x100406)
